ASxxxx Linker V03.00 + NoICE + sdld,  page 1.
Hexadecimal  [32-Bits]

Area                                    Addr        Size        Decimal Bytes (Attributes)
--------------------------------        ----        ----        ------- ----- ------------
.  .ABS.                            00000000    00000000 =           0. bytes (ABS,CON)

      Value  Global                              Global Defined In Module
      -----  --------------------------------   ------------------------
     00000000  .__.ABS.                           Console_019
     00000000  _main                           
     00000000  l__CABS                         
     00000000  l__DABS                         
     00000000  l__DATA                         
     00000000  l__GSFINAL                      
     00000000  l__GSINIT                       
     00000000  l__HOME                         
     00000000  l__INITIALIZED                  
     00000000  l__INITIALIZER                  
     00000000  s__CABS                         
     00000000  s__DABS                         
     000006FD  l__CODE                         
     0000B000  s__CODE                         
     0000C350  s__DATA                         
     0000C350  s__GSFINAL                      
     0000C350  s__GSINIT                       
     0000C350  s__HOME                         
     0000C350  s__INITIALIZED                  
     0000C350  s__INITIALIZER                  

ASxxxx Linker V03.00 + NoICE + sdld,  page 2.
Hexadecimal  [32-Bits]

Area                                    Addr        Size        Decimal Bytes (Attributes)
--------------------------------        ----        ----        ------- ----- ------------
_CODE                               0000B000    000006FD =        1789. bytes (REL,CON)

      Value  Global                              Global Defined In Module
      -----  --------------------------------   ------------------------
     0000B247  _e4vm_core_nop                     e4vm_core
     0000B254  _e4vm_core_do_nop                  e4vm_core
     0000B261  _e4vm_core_do_list                 e4vm_core
     0000B2CD  _e4vm_core_do_next                 e4vm_core
     0000B38B  _e4vm_core_do_exit                 e4vm_core
     0000B3D9  _e4vm_core__init                   e4vm_core
     0000B3DF  _e4vm_utils_init                   e4vm_utils
     0000B4C5  _e4vm_utils_vm_stat                e4vm_utils
     0000B61B  _e4vm_utils__init                  e4vm_utils
     0000B623  _e4vm_stack_drop                   e4vm_stack
     0000B636  _e4vm_stack_swap                   e4vm_stack
     0000B63B  _e4vm_stack_dup                    e4vm_stack
     0000B640  _e4vm_stack_over                   e4vm_stack
     0000B645  _e4vm_stack_rot                    e4vm_stack
     0000B64A  _e4vm_stack_nrot                   e4vm_stack
     0000B64F  _e4vm_stack__init                  e4vm_stack
     0000B655  _Console_WriteStr_C_COMPACT        Console_014
     0000B660  ___sdcc_call_hl                    
     0000B661  _Console_WriteCh_COMPACT           Console_005
     0000B66C  _ATTR_ADR_C                        Console_005
     0000B690  _Console_WriteInt_COMPACT          Console_020
     0000B6A5  _Console_WriteLn_COMPACT           Console_012
     0000B6B2  _INC_HBYTE_C                       Console_012
     0000B6C3  ___sdcc_enter_ix                   
     0000B6CD  _Console_WriteUShort_COMPACT       Console_019

ASxxxx Linker V03.00 + NoICE + sdld,  page 3.

Files Linked                              [ module(s) ]

C:\xdev\ZXDev\Lib\crt0.rel                [ crt0 ]
e4vm_utils.rel                            [ e4vm_utils ]
e4vm_core.rel                             [ e4vm_core ]
e4vm_utils.rel                            [ e4vm_utils ]
e4vm_stack.rel                            [ e4vm_stack ]


Libraries Linked                          [ object file ]

C:\xdev\ZXDev\Lib/XDev.lib                [ Console_014.rel ]
C:\xdev\ZXDev\Lib/z80.lib                 [ __sdcc_call_hl.rel ]
C:\xdev\ZXDev\Lib/XDev.lib                [ Console_005.rel ]
C:\xdev\ZXDev\Lib/XDev.lib                [ Console_020.rel ]
C:\xdev\ZXDev\Lib/XDev.lib                [ Console_012.rel ]
C:\xdev\ZXDev\Lib/z80.lib                 [ crtenter.rel ]
C:\xdev\ZXDev\Lib/XDev.lib                [ Console_019.rel ]

ASxxxx Linker V03.00 + NoICE + sdld,  page 4.

User Base Address Definitions

_CODE = 0xb000
_DATA = 0xc350


?ASlink-Warning-Undefined Global '_main' referenced by module 'crt0'
