ASxxxx Linker V03.00 + NoICE + sdld,  page 1.
Hexadecimal  [32-Bits]

Area                                    Addr        Size        Decimal Bytes (Attributes)
--------------------------------        ----        ----        ------- ----- ------------
.  .ABS.                            00000000    00000000 =           0. bytes (ABS,CON)

      Value  Global                              Global Defined In Module
      -----  --------------------------------   ------------------------
     00000000  .__.ABS.                           Console_019
     00000000  _main                           
     00000000  l__CABS                         
     00000000  l__DABS                         
     00000000  l__DATA                         
     00000000  l__GSFINAL                      
     00000000  l__GSINIT                       
     00000000  l__HOME                         
     00000000  l__INITIALIZED                  
     00000000  l__INITIALIZER                  
     00000000  s__CABS                         
     00000000  s__DABS                         
     00000E53  l__CODE                         
     0000B000  s__CODE                         
     0000C350  s__DATA                         
     0000C350  s__GSFINAL                      
     0000C350  s__GSINIT                       
     0000C350  s__HOME                         
     0000C350  s__INITIALIZED                  
     0000C350  s__INITIALIZER                  

ASxxxx Linker V03.00 + NoICE + sdld,  page 2.
Hexadecimal  [32-Bits]

Area                                    Addr        Size        Decimal Bytes (Attributes)
--------------------------------        ----        ----        ------- ----- ------------
_CODE                               0000B000    00000E53 =        3667. bytes (REL,CON)

      Value  Global                              Global Defined In Module
      -----  --------------------------------   ------------------------
     0000B14E  _e4vm_core_do_nop                  e4vm_core
     0000B160  _e4vm_core_do_list                 e4vm_core
     0000B1BB  _e4vm_core_do_next                 e4vm_core
     0000B256  _e4vm_core_do_exit                 e4vm_core
     0000B293  _e4vm_core__init                   e4vm_core
     0000B299  _e4vm_utils_init                   e4vm_utils
     0000B37F  _e4vm_utils_vm_stat                e4vm_utils
     0000B4D5  _e4vm_utils_true_const             e4vm_utils
     0000B4DE  _e4vm_utils_false_const            e4vm_utils
     0000B4E7  _e4vm_utils_error                  e4vm_utils
     0000B50D  _e4vm_utils__init                  e4vm_utils
     0000B515  _e4vm_stack_drop                   e4vm_stack
     0000B53E  _e4vm_stack_swap                   e4vm_stack
     0000B5C3  _e4vm_stack_dup                    e4vm_stack
     0000B617  _e4vm_stack_over                   e4vm_stack
     0000B66D  _e4vm_stack_rot                    e4vm_stack
     0000B71A  _e4vm_stack_nrot                   e4vm_stack
     0000B7CA  _e4vm_stack__init                  e4vm_stack
     0000B7D0  _e4vm_math_minus                   e4vm_math
     0000B829  _e4vm_math_plus                    e4vm_math
     0000B87F  _e4vm_math_multiply                e4vm_math
     0000B8DE  _e4vm_math_devide                  e4vm_math
     0000B93D  _e4vm_math_mod                     e4vm_math
     0000B99E  _e4vm_math_inc                     e4vm_math
     0000B9D4  _e4vm_math_dec                     e4vm_math
     0000BA09  _e4vm_math__init                   e4vm_math
     0000BA0F  _e4vm_boolean_true                 e4vm_boolean
     0000BA6E  _e4vm_boolean_false                e4vm_boolean
     0000BACE  _e4vm_boolean_not                  e4vm_boolean
     0000BBBA  _e4vm_boolean__init                e4vm_boolean
     0000BBC2  _SYSTEM_MODS                       SYSTEM_017
     0000BC54  __mulint                           
     0000BC5A  __mul16                            
     0000BC6E  _SYSTEM_DIVS                       SYSTEM_014
     0000BCFD  _Console_WriteStr_C_COMPACT        Console_014
     0000BD08  ___sdcc_call_hl                    
     0000BD09  _Console_WriteCh_COMPACT           Console_005
     0000BD14  _ATTR_ADR_C                        Console_005
     0000BD38  _Console_WriteInt_COMPACT          Console_020
     0000BD4D  _Console_WriteLn_COMPACT           Console_012
     0000BD5A  _INC_HBYTE_C                       Console_012
     0000BD6B  ___sdcc_enter_ix                   
     0000BD75  __modschar                         
     0000BD82  __modsint                          
     0000BD8E  __divsint                          
     0000BD97  __divschar                         
     0000BD9E  __div8                             
     0000BDA2  __div_signexte                     
     0000BDA6  __div16                            
     0000BDCC  __get_remainder                    
ASxxxx Linker V03.00 + NoICE + sdld,  page 3.
Hexadecimal  [32-Bits]

Area                                    Addr        Size        Decimal Bytes (Attributes)
--------------------------------        ----        ----        ------- ----- ------------
_CODE                               0000B000    00000E53 =        3667. bytes (REL,CON)

      Value  Global                              Global Defined In Module
      -----  --------------------------------   ------------------------
     0000BDD6  _SYSTEM_HALT_m1                    SYSTEM_001
     0000BDE2  __divuint                          
     0000BDEA  __divuchar                         
     0000BDF1  __divu8                            
     0000BDF4  __divu16                           
     0000BE23  _Console_WriteUShort_COMPACT       Console_019

ASxxxx Linker V03.00 + NoICE + sdld,  page 4.

Files Linked                              [ module(s) ]

C:\xdev\ZXDev\Lib\crt0.rel                [ crt0 ]
e4vm_core.rel                             [ e4vm_core ]
e4vm_core.rel                             [ e4vm_core ]
e4vm_utils.rel                            [ e4vm_utils ]
e4vm_stack.rel                            [ e4vm_stack ]
e4vm_math.rel                             [ e4vm_math ]
e4vm_boolean.rel                          [ e4vm_boolean ]


Libraries Linked                          [ object file ]

C:\xdev\ZXDev\Lib/XDev.lib                [ SYSTEM_017.rel ]
C:\xdev\ZXDev\Lib/z80.lib                 [ mul.rel ]
C:\xdev\ZXDev\Lib/XDev.lib                [ SYSTEM_014.rel ]
C:\xdev\ZXDev\Lib/XDev.lib                [ Console_014.rel ]
C:\xdev\ZXDev\Lib/z80.lib                 [ __sdcc_call_hl.rel ]
C:\xdev\ZXDev\Lib/XDev.lib                [ Console_005.rel ]
C:\xdev\ZXDev\Lib/XDev.lib                [ Console_020.rel ]
C:\xdev\ZXDev\Lib/XDev.lib                [ Console_012.rel ]
C:\xdev\ZXDev\Lib/z80.lib                 [ crtenter.rel ]
C:\xdev\ZXDev\Lib/z80.lib                 [ modsigned.rel ]
C:\xdev\ZXDev\Lib/z80.lib                 [ divsigned.rel ]
C:\xdev\ZXDev\Lib/XDev.lib                [ SYSTEM_001.rel ]
C:\xdev\ZXDev\Lib/z80.lib                 [ divunsigned.rel ]
C:\xdev\ZXDev\Lib/XDev.lib                [ Console_019.rel ]

ASxxxx Linker V03.00 + NoICE + sdld,  page 5.

User Base Address Definitions

_CODE = 0xb000
_DATA = 0xc350


?ASlink-Warning-Undefined Global '_main' referenced by module 'crt0'
