ASxxxx Linker V03.00 + NoICE + sdld,  page 1.
Hexadecimal  [32-Bits]

Area                                    Addr        Size        Decimal Bytes (Attributes)
--------------------------------        ----        ----        ------- ----- ------------
.  .ABS.                            00000000    00000000 =           0. bytes (ABS,CON)

      Value  Global                              Global Defined In Module
      -----  --------------------------------   ------------------------
     00000000  .__.ABS.                           __memcpy
     00000000  _main                           
     00000000  l__CABS                         
     00000000  l__DABS                         
     00000000  l__DATA                         
     00000000  l__GSFINAL                      
     00000000  l__GSINIT                       
     00000000  l__HOME                         
     00000000  l__INITIALIZED                  
     00000000  l__INITIALIZER                  
     00000000  s__CABS                         
     00000000  s__DABS                         
     00002235  l__CODE                         
     000061A8  s__CODE                         
     0000C350  s__DATA                         
     0000C350  s__GSFINAL                      
     0000C350  s__GSINIT                       
     0000C350  s__HOME                         
     0000C350  s__INITIALIZED                  
     0000C350  s__INITIALIZER                  

ASxxxx Linker V03.00 + NoICE + sdld,  page 2.
Hexadecimal  [32-Bits]

Area                                    Addr        Size        Decimal Bytes (Attributes)
--------------------------------        ----        ----        ------- ----- ------------
_CODE                               000061A8    00002235 =        8757. bytes (REL,CON)

      Value  Global                              Global Defined In Module
      -----  --------------------------------   ------------------------
     000064A6  _e4vm_core_do_nop                  e4vm_core
     000064A7  _e4vm_core_do_list                 e4vm_core
     00006502  _e4vm_core_do_next                 e4vm_core
     0000658E  _e4vm_core_do_exit                 e4vm_core
     000065CB  _e4vm_core_add_core_words          e4vm_core
     0000669D  _e4vm_core__init                   e4vm_core
     000066A8  _e4vm_core_ext_quit                e4vm_core_ext
     000066AD  _e4vm_core_ext_do_lit              e4vm_core_ext
     000066E5  _e4vm_core_ext_get_here_addr       e4vm_core_ext
     00006705  _e4vm_core_ext_comma               e4vm_core_ext
     00006745  _e4vm_core_ext_branch              e4vm_core_ext
     00006769  _e4vm_core_ext_zbranch             e4vm_core_ext
     000067D0  _e4vm_core_ext_lbrac               e4vm_core_ext
     000067E5  _e4vm_core_ext_rbrac               e4vm_core_ext
     000067FA  _e4vm_core_ext_add_core_words      e4vm_core_ext
     00006998  _e4vm_core_ext__init               e4vm_core_ext
     000069A3  _e4vm_utils_add_core_word          e4vm_utils
     00006ABC  _e4vm_utils_look_up_word_address   e4vm_utils
     00006BB2  _e4vm_utils_here_to_wp             e4vm_utils
     00006BD2  _e4vm_utils_add_op                 e4vm_utils
     00006C12  _e4vm_utils_add_op_from_string     e4vm_utils
     00006C3D  _e4vm_utils_init                   e4vm_utils
     00006D26  _e4vm_utils_vm_stat                e4vm_utils
     00006F08  _e4vm_utils_true_const             e4vm_utils
     00006F0C  _e4vm_utils_false_const            e4vm_utils
     00006F10  _e4vm_utils_error                  e4vm_utils
     00006F2F  _e4vm_utils_stack_ds_push          e4vm_utils
     00006F6F  _e4vm_utils_stack_rs_push          e4vm_utils
     00006FAF  _e4vm_utils_read_char              e4vm_utils
     00006FBA  _e4vm_utils_read_string            e4vm_utils
     00006FE3  _e4vm_utils__init                  e4vm_utils
     00006FEB  _e4vm_stack_drop                   e4vm_stack
     00007006  _e4vm_stack_swap                   e4vm_stack
     00007082  _e4vm_stack_dup                    e4vm_stack
     000070C9  _e4vm_stack_over                   e4vm_stack
     00007111  _e4vm_stack_rot                    e4vm_stack
     000071C1  _e4vm_stack_nrot                   e4vm_stack
     00007273  _e4vm_stack_add_core_words         e4vm_stack
     000073A6  _e4vm_stack__init                  e4vm_stack
     000073B1  _e4vm_math_minus                   e4vm_math
     000073FE  _e4vm_math_plus                    e4vm_math
     0000744A  _e4vm_math_multiply                e4vm_math
     0000749D  _e4vm_math_devide                  e4vm_math
     000074F0  _e4vm_math_mod                     e4vm_math
     00007543  _e4vm_math_inc                     e4vm_math
     0000756D  _e4vm_math_dec                     e4vm_math
     00007596  _e4vm_math_add_core_words          e4vm_math
     000076EC  _e4vm_math__init                   e4vm_math
     000076F7  _e4vm_boolean_true                 e4vm_boolean
     0000773B  _e4vm_boolean_false                e4vm_boolean
ASxxxx Linker V03.00 + NoICE + sdld,  page 3.
Hexadecimal  [32-Bits]

Area                                    Addr        Size        Decimal Bytes (Attributes)
--------------------------------        ----        ----        ------- ----- ------------
_CODE                               000061A8    00002235 =        8757. bytes (REL,CON)

      Value  Global                              Global Defined In Module
      -----  --------------------------------   ------------------------
     0000777F  _e4vm_boolean_not                  e4vm_boolean
     00007858  _e4vm_boolean_invert               e4vm_boolean
     00007884  _e4vm_boolean_or                   e4vm_boolean
     000078DC  _e4vm_boolean_and                  e4vm_boolean
     00007943  _e4vm_boolean_xor                  e4vm_boolean
     0000799D  _e4vm_boolean_eql                  e4vm_boolean
     00007A1F  _e4vm_boolean_not_eql              e4vm_boolean
     00007AA1  _e4vm_boolean_less                 e4vm_boolean
     00007B28  _e4vm_boolean_greater              e4vm_boolean
     00007BAD  _e4vm_boolean_less_eql             e4vm_boolean
     00007C32  _e4vm_boolean_greater_eql          e4vm_boolean
     00007CB9  _e4vm_boolean_add_core_words       e4vm_boolean
     00007F3B  _e4vm_boolean__init                e4vm_boolean
     00007F46  _SYSTEM_STRCMPCC                   SYSTEM_004
     00007F9D  _SYSTEM_MODS                       SYSTEM_017
     0000802F  __mulint                           
     00008035  __mul16                            
     00008049  _SYSTEM_DIVS                       SYSTEM_014
     000080D8  _Console_WriteStr_C_COMPACT        Console_014
     000080E3  ___sdcc_call_hl                    
     000080E4  _memcpy                            memcpy
     00008103  _Console_ReadStr_COMPACT           Console_038
     000081F8  _Console_WriteCh_COMPACT           Console_005
     00008203  _ATTR_ADR_C                        Console_005
     00008227  _Console_WriteInt_COMPACT          Console_020
     0000823C  _e4vm_type__init                   e4vm_type_001
     00008242  _Timer_Delay_Ex_fastcall           Timer_002
     0000824D  _Console_WriteLn_COMPACT           Console_012
     0000825A  _INC_HBYTE_C                       Console_012
     0000826B  ___sdcc_enter_ix                   
     00008275  __modschar                         
     00008282  __modsint                          
     0000828E  __divsint                          
     00008297  __divschar                         
     0000829E  __div8                             
     000082A2  __div_signexte                     
     000082A6  __div16                            
     000082CC  __get_remainder                    
     000082D6  _Input_Read_NoRepeat               Input_003
     000082EB  _SYSTEM_HALT_m1                    SYSTEM_001
     000082F7  _Input_Available_NoRepeat          Input_001
     00008304  _Console_BackPos_COMPACT           Console_032
     00008309  __divuint                          
     00008311  __divuchar                         
     00008318  __divu8                            
     0000831B  __divu16                           
     0000834A  _Console_WriteUShort_COMPACT       Console_019
     0000837A  ___memcpy                          __memcpy

ASxxxx Linker V03.00 + NoICE + sdld,  page 4.

Files Linked                              [ module(s) ]

C:\xdev\ZXDev\Lib\crt0.rel                [ crt0 ]
e4vm_core_ext.rel                         [ e4vm_core_ext ]
e4vm_core.rel                             [ e4vm_core ]
e4vm_core_ext.rel                         [ e4vm_core_ext ]
e4vm_utils.rel                            [ e4vm_utils ]
e4vm_stack.rel                            [ e4vm_stack ]
e4vm_math.rel                             [ e4vm_math ]
e4vm_boolean.rel                          [ e4vm_boolean ]


Libraries Linked                          [ object file ]

C:\xdev\ZXDev\Lib/XDev.lib                [ SYSTEM_004.rel ]
C:\xdev\ZXDev\Lib/XDev.lib                [ SYSTEM_017.rel ]
C:\xdev\ZXDev\Lib/z80.lib                 [ mul.rel ]
C:\xdev\ZXDev\Lib/XDev.lib                [ SYSTEM_014.rel ]
C:\xdev\ZXDev\Lib/XDev.lib                [ Console_014.rel ]
C:\xdev\ZXDev\Lib/z80.lib                 [ __sdcc_call_hl.rel ]
C:\xdev\ZXDev\Lib/z80.lib                 [ memcpy.rel ]
C:\xdev\ZXDev\Lib/XDev.lib                [ Console_038.rel ]
C:\xdev\ZXDev\Lib/XDev.lib                [ Console_005.rel ]
C:\xdev\ZXDev\Lib/XDev.lib                [ Console_020.rel ]
C:\xdev\ZXDev\Lib/e4vm_type.lib           [ e4vm_type_001.rel ]
C:\xdev\ZXDev\Lib/XDev.lib                [ Timer_002.rel ]
C:\xdev\ZXDev\Lib/XDev.lib                [ Console_012.rel ]
C:\xdev\ZXDev\Lib/z80.lib                 [ crtenter.rel ]
C:\xdev\ZXDev\Lib/z80.lib                 [ modsigned.rel ]
C:\xdev\ZXDev\Lib/z80.lib                 [ divsigned.rel ]
C:\xdev\ZXDev\Lib/XDev.lib                [ Input_003.rel ]
C:\xdev\ZXDev\Lib/XDev.lib                [ SYSTEM_001.rel ]
C:\xdev\ZXDev\Lib/XDev.lib                [ Input_001.rel ]
C:\xdev\ZXDev\Lib/XDev.lib                [ Console_032.rel ]
C:\xdev\ZXDev\Lib/z80.lib                 [ divunsigned.rel ]
C:\xdev\ZXDev\Lib/XDev.lib                [ Console_019.rel ]
C:\xdev\ZXDev\Lib/z80.lib                 [ __memcpy.rel ]

ASxxxx Linker V03.00 + NoICE + sdld,  page 5.

User Base Address Definitions

_CODE = 0x61a8
_DATA = 0xc350


?ASlink-Warning-Undefined Global '_main' referenced by module 'crt0'
