ASxxxx Linker V03.00 + NoICE + sdld,  page 1.
Hexadecimal  [32-Bits]

Area                                    Addr        Size        Decimal Bytes (Attributes)
--------------------------------        ----        ----        ------- ----- ------------
.  .ABS.                            00000000    00000000 =           0. bytes (ABS,CON)

      Value  Global                              Global Defined In Module
      -----  --------------------------------   ------------------------
     00000000  .__.ABS.                           __memcpy
     00000000  _main                           
     00000000  l__CABS                         
     00000000  l__DABS                         
     00000000  l__DATA                         
     00000000  l__GSFINAL                      
     00000000  l__GSINIT                       
     00000000  l__HOME                         
     00000000  l__INITIALIZED                  
     00000000  l__INITIALIZER                  
     00000000  s__CABS                         
     00000000  s__DABS                         
     00002578  l__CODE                         
     000061A8  s__CODE                         
     0000C350  s__DATA                         
     0000C350  s__GSFINAL                      
     0000C350  s__GSINIT                       
     0000C350  s__HOME                         
     0000C350  s__INITIALIZED                  
     0000C350  s__INITIALIZER                  

ASxxxx Linker V03.00 + NoICE + sdld,  page 2.
Hexadecimal  [32-Bits]

Area                                    Addr        Size        Decimal Bytes (Attributes)
--------------------------------        ----        ----        ------- ----- ------------
_CODE                               000061A8    00002578 =        9592. bytes (REL,CON)

      Value  Global                              Global Defined In Module
      -----  --------------------------------   ------------------------
     00006806  _e4vm_core_do_nop                  e4vm_core
     00006807  _e4vm_core_do_list                 e4vm_core
     00006862  _e4vm_core_do_next                 e4vm_core
     000068EE  _e4vm_core_do_exit                 e4vm_core
     0000692B  _e4vm_core_add_core_words          e4vm_core
     000069FD  _e4vm_core__init                   e4vm_core
     00006A08  _e4vm_core_ext_quit                e4vm_core_ext
     00006A09  _e4vm_core_ext_do_lit              e4vm_core_ext
     00006A41  _e4vm_core_ext_get_here_addr       e4vm_core_ext
     00006A61  _e4vm_core_ext_comma               e4vm_core_ext
     00006AA1  _e4vm_core_ext_branch              e4vm_core_ext
     00006AC5  _e4vm_core_ext_zbranch             e4vm_core_ext
     00006B16  _e4vm_core_ext_lbrac               e4vm_core_ext
     00006B24  _e4vm_core_ext_rbrac               e4vm_core_ext
     00006B32  _e4vm_core_ext_add_core_words      e4vm_core_ext
     00006CC8  _e4vm_core_ext__init               e4vm_core_ext
     00006CD3  _e4vm_utils_add_core_word          e4vm_utils
     00006DF0  _e4vm_utils_look_up_word_address   e4vm_utils
     00006EE1  _e4vm_utils_here_to_wp             e4vm_utils
     00006F01  _e4vm_utils_add_op                 e4vm_utils
     00006F42  _e4vm_utils_add_op_from_string     e4vm_utils
     00006F67  _e4vm_utils_init                   e4vm_utils
     00007050  _e4vm_utils_vm_stat                e4vm_utils
     00007236  _e4vm_utils_true_const             e4vm_utils
     0000723F  _e4vm_utils_false_const            e4vm_utils
     00007248  _e4vm_utils_error                  e4vm_utils
     0000726E  _e4vm_utils_stack_ds_push          e4vm_utils
     000072AF  _e4vm_utils_stack_rs_push          e4vm_utils
     000072F0  _e4vm_utils_read_char              e4vm_utils
     00007300  _e4vm_utils_read_string            e4vm_utils
     00007326  _e4vm_utils__init                  e4vm_utils
     0000732E  _e4vm_stack_drop                   e4vm_stack
     00007349  _e4vm_stack_swap                   e4vm_stack
     000073C5  _e4vm_stack_dup                    e4vm_stack
     0000740C  _e4vm_stack_over                   e4vm_stack
     00007454  _e4vm_stack_rot                    e4vm_stack
     00007504  _e4vm_stack_nrot                   e4vm_stack
     000075B6  _e4vm_stack_add_core_words         e4vm_stack
     000076E9  _e4vm_stack__init                  e4vm_stack
     000076F4  _e4vm_math_minus                   e4vm_math
     00007741  _e4vm_math_plus                    e4vm_math
     0000778D  _e4vm_math_multiply                e4vm_math
     000077E0  _e4vm_math_devide                  e4vm_math
     00007833  _e4vm_math_mod                     e4vm_math
     00007886  _e4vm_math_inc                     e4vm_math
     000078B0  _e4vm_math_dec                     e4vm_math
     000078D9  _e4vm_math_add_core_words          e4vm_math
     00007A2F  _e4vm_math__init                   e4vm_math
     00007A3A  _e4vm_boolean_true                 e4vm_boolean
     00007A7E  _e4vm_boolean_false                e4vm_boolean
ASxxxx Linker V03.00 + NoICE + sdld,  page 3.
Hexadecimal  [32-Bits]

Area                                    Addr        Size        Decimal Bytes (Attributes)
--------------------------------        ----        ----        ------- ----- ------------
_CODE                               000061A8    00002578 =        9592. bytes (REL,CON)

      Value  Global                              Global Defined In Module
      -----  --------------------------------   ------------------------
     00007AC2  _e4vm_boolean_not                  e4vm_boolean
     00007B9B  _e4vm_boolean_invert               e4vm_boolean
     00007BC7  _e4vm_boolean_or                   e4vm_boolean
     00007C1F  _e4vm_boolean_and                  e4vm_boolean
     00007C86  _e4vm_boolean_xor                  e4vm_boolean
     00007CE0  _e4vm_boolean_eql                  e4vm_boolean
     00007D62  _e4vm_boolean_not_eql              e4vm_boolean
     00007DE4  _e4vm_boolean_less                 e4vm_boolean
     00007E6B  _e4vm_boolean_greater              e4vm_boolean
     00007EF0  _e4vm_boolean_less_eql             e4vm_boolean
     00007F75  _e4vm_boolean_greater_eql          e4vm_boolean
     00007FFC  _e4vm_boolean_add_core_words       e4vm_boolean
     0000827E  _e4vm_boolean__init                e4vm_boolean
     00008289  _SYSTEM_STRCMPCC                   SYSTEM_004
     000082E0  _SYSTEM_MODS                       SYSTEM_017
     00008372  __mulint                           
     00008378  __mul16                            
     0000838C  _SYSTEM_DIVS                       SYSTEM_014
     0000841B  _Console_WriteStr_C_COMPACT        Console_014
     00008426  ___sdcc_call_hl                    
     00008427  _memcpy                            memcpy
     00008446  _Console_ReadStr_COMPACT           Console_038
     0000853B  _Console_WriteCh_COMPACT           Console_005
     00008546  _ATTR_ADR_C                        Console_005
     0000856A  _Console_WriteInt_COMPACT          Console_020
     0000857F  _e4vm_type__init                   e4vm_type_001
     00008585  _Timer_Delay_Ex_fastcall           Timer_002
     00008590  _Console_WriteLn_COMPACT           Console_012
     0000859D  _INC_HBYTE_C                       Console_012
     000085AE  ___sdcc_enter_ix                   
     000085B8  __modschar                         
     000085C5  __modsint                          
     000085D1  __divsint                          
     000085DA  __divschar                         
     000085E1  __div8                             
     000085E5  __div_signexte                     
     000085E9  __div16                            
     0000860F  __get_remainder                    
     00008619  _Input_Read_NoRepeat               Input_003
     0000862E  _SYSTEM_HALT_m1                    SYSTEM_001
     0000863A  _Input_Available_NoRepeat          Input_001
     00008647  _Console_BackPos_COMPACT           Console_032
     0000864C  __divuint                          
     00008654  __divuchar                         
     0000865B  __divu8                            
     0000865E  __divu16                           
     0000868D  _Console_WriteUShort_COMPACT       Console_019
     000086BD  ___memcpy                          __memcpy

ASxxxx Linker V03.00 + NoICE + sdld,  page 4.

Files Linked                              [ module(s) ]

C:\xdev\ZXDev\Lib\crt0.rel                [ crt0 ]
e4vm_utils.rel                            [ e4vm_utils ]
e4vm_core.rel                             [ e4vm_core ]
e4vm_core_ext.rel                         [ e4vm_core_ext ]
e4vm_utils.rel                            [ e4vm_utils ]
e4vm_stack.rel                            [ e4vm_stack ]
e4vm_math.rel                             [ e4vm_math ]
e4vm_boolean.rel                          [ e4vm_boolean ]


Libraries Linked                          [ object file ]

C:\xdev\ZXDev\Lib/XDev.lib                [ SYSTEM_004.rel ]
C:\xdev\ZXDev\Lib/XDev.lib                [ SYSTEM_017.rel ]
C:\xdev\ZXDev\Lib/z80.lib                 [ mul.rel ]
C:\xdev\ZXDev\Lib/XDev.lib                [ SYSTEM_014.rel ]
C:\xdev\ZXDev\Lib/XDev.lib                [ Console_014.rel ]
C:\xdev\ZXDev\Lib/z80.lib                 [ __sdcc_call_hl.rel ]
C:\xdev\ZXDev\Lib/z80.lib                 [ memcpy.rel ]
C:\xdev\ZXDev\Lib/XDev.lib                [ Console_038.rel ]
C:\xdev\ZXDev\Lib/XDev.lib                [ Console_005.rel ]
C:\xdev\ZXDev\Lib/XDev.lib                [ Console_020.rel ]
C:\xdev\ZXDev\Lib/e4vm_type.lib           [ e4vm_type_001.rel ]
C:\xdev\ZXDev\Lib/XDev.lib                [ Timer_002.rel ]
C:\xdev\ZXDev\Lib/XDev.lib                [ Console_012.rel ]
C:\xdev\ZXDev\Lib/z80.lib                 [ crtenter.rel ]
C:\xdev\ZXDev\Lib/z80.lib                 [ modsigned.rel ]
C:\xdev\ZXDev\Lib/z80.lib                 [ divsigned.rel ]
C:\xdev\ZXDev\Lib/XDev.lib                [ Input_003.rel ]
C:\xdev\ZXDev\Lib/XDev.lib                [ SYSTEM_001.rel ]
C:\xdev\ZXDev\Lib/XDev.lib                [ Input_001.rel ]
C:\xdev\ZXDev\Lib/XDev.lib                [ Console_032.rel ]
C:\xdev\ZXDev\Lib/z80.lib                 [ divunsigned.rel ]
C:\xdev\ZXDev\Lib/XDev.lib                [ Console_019.rel ]
C:\xdev\ZXDev\Lib/z80.lib                 [ __memcpy.rel ]

ASxxxx Linker V03.00 + NoICE + sdld,  page 5.

User Base Address Definitions

_CODE = 0x61a8
_DATA = 0xc350


?ASlink-Warning-Undefined Global '_main' referenced by module 'crt0'
