ASxxxx Linker V03.00 + NoICE + sdld,  page 1.
Hexadecimal  [32-Bits]

Area                                    Addr        Size        Decimal Bytes (Attributes)
--------------------------------        ----        ----        ------- ----- ------------
.  .ABS.                            00000000    00000000 =           0. bytes (ABS,CON)

      Value  Global                              Global Defined In Module
      -----  --------------------------------   ------------------------
     00000000  .__.ABS.                           __memcpy
     00000000  l__CABS                         
     00000000  l__DABS                         
     00000000  l__GSFINAL                      
     00000000  l__GSINIT                       
     00000000  l__HOME                         
     00000000  l__INITIALIZED                  
     00000000  l__INITIALIZER                  
     00000000  s__CABS                         
     00000000  s__DABS                         
     0000055D  l__DATA                         
     00002E03  l__CODE                         
     00005C8F  _Console_attrib                    Console_001
     000061A8  s__CODE                         
     0000C350  s__DATA                         
     0000C8AD  s__GSFINAL                      
     0000C8AD  s__GSINIT                       
     0000C8AD  s__HOME                         
     0000C8AD  s__INITIALIZED                  
     0000C8AD  s__INITIALIZER                  

ASxxxx Linker V03.00 + NoICE + sdld,  page 2.
Hexadecimal  [32-Bits]

Area                                    Addr        Size        Decimal Bytes (Attributes)
--------------------------------        ----        ----        ------- ----- ------------
_CODE                               000061A8    00002E03 =       11779. bytes (REL,CON)

      Value  Global                              Global Defined In Module
      -----  --------------------------------   ------------------------
     00006530  _main                              e4vm
     00006576  _e4vm_core_do_nop                  e4vm_core
     00006577  _e4vm_core_do_list                 e4vm_core
     000065D2  _e4vm_core_do_next                 e4vm_core
     00006658  _e4vm_core_do_exit                 e4vm_core
     00006695  _e4vm_core_add_core_words          e4vm_core
     00006767  _e4vm_core__init                   e4vm_core
     00006772  _e4vm_core_ext_quit                e4vm_core_ext
     00006773  _e4vm_core_ext_do_lit              e4vm_core_ext
     000067AB  _e4vm_core_ext_get_here_addr       e4vm_core_ext
     000067CB  _e4vm_core_ext_comma               e4vm_core_ext
     0000680B  _e4vm_core_ext_branch              e4vm_core_ext
     0000682F  _e4vm_core_ext_zbranch             e4vm_core_ext
     00006893  _e4vm_core_ext_lbrac               e4vm_core_ext
     000068A1  _e4vm_core_ext_rbrac               e4vm_core_ext
     000068AF  _e4vm_core_ext_immediate           e4vm_core_ext
     000068D9  _e4vm_core_ext_execute_addr        e4vm_core_ext
     0000694A  _e4vm_core_ext_execute             e4vm_core_ext
     0000698A  _e4vm_core_ext_interpreter_word    e4vm_core_ext
     00006B65  _e4vm_core_ext_interpreter         e4vm_core_ext
     00006BAF  _e4vm_core_ext_eval                e4vm_core_ext
     00006C01  _e4vm_core_ext_add_core_words      e4vm_core_ext
     00006E05  _e4vm_core_ext__init               e4vm_core_ext
     00006E13  _e4vm_mem_write_mem                e4vm_mem
     00006E80  _e4vm_mem_read_mem                 e4vm_mem
     00006EBB  _e4vm_mem_variable                 e4vm_mem
     00006EC0  _e4vm_mem_constant                 e4vm_mem
     00006EC5  _e4vm_mem_add_core_words           e4vm_mem
     00006F9C  _e4vm_mem__init                    e4vm_mem
     00006FA7  _e4vm_comment_comment              e4vm_comment
     00006FA8  _e4vm_comment_comment_line         e4vm_comment
     00006FA9  _e4vm_comment_add_core_words       e4vm_comment
     00007011  _e4vm_comment__init                e4vm_comment
     0000701C  _e4vm_rw_dot                       e4vm_rw
     000070A8  _e4vm_rw_dot_s                     e4vm_rw
     00007141  _e4vm_rw_cr                        e4vm_rw
     00007144  _e4vm_rw_bl                        e4vm_rw
     0000714C  _e4vm_rw_read_word                 e4vm_rw
     0000714D  _e4vm_rw_words_list                e4vm_rw
     000071C3  _e4vm_rw_read_string               e4vm_rw
     000071C4  _e4vm_rw_key                       e4vm_rw
     000071C5  _e4vm_rw_add_core_words            e4vm_rw
     00007353  _e4vm_rw__init                     e4vm_rw
     0000735E  _e4vm_utils_add_core_word          e4vm_utils
     0000746B  _e4vm_utils_look_up_word_address   e4vm_utils
     00007505  _e4vm_utils_look_up_word_idx_by_   e4vm_utils
     00007590  _e4vm_utils_is_digit               e4vm_utils
     000075AA  _e4vm_utils_is_constant            e4vm_utils
     000075D6  _e4vm_utils_str2int                e4vm_utils
     00007670  _e4vm_utils_here_to_wp             e4vm_utils
ASxxxx Linker V03.00 + NoICE + sdld,  page 3.
Hexadecimal  [32-Bits]

Area                                    Addr        Size        Decimal Bytes (Attributes)
--------------------------------        ----        ----        ------- ----- ------------
_CODE                               000061A8    00002E03 =       11779. bytes (REL,CON)

      Value  Global                              Global Defined In Module
      -----  --------------------------------   ------------------------
     00007690  _e4vm_utils_add_op                 e4vm_utils
     000076D0  _e4vm_utils_add_op_from_string     e4vm_utils
     000076FB  _e4vm_utils_init                   e4vm_utils
     00007814  _e4vm_utils_vm_stat                e4vm_utils
     000079F6  _e4vm_utils_true_const             e4vm_utils
     000079FA  _e4vm_utils_false_const            e4vm_utils
     000079FE  _e4vm_utils_error                  e4vm_utils
     00007A1D  _e4vm_utils_stack_ds_push          e4vm_utils
     00007A5D  _e4vm_utils_stack_rs_push          e4vm_utils
     00007A9D  _e4vm_utils_keyboard_read_string   e4vm_utils
     00007AD5  _e4vm_utils_read_char              e4vm_utils
     00007B03  _e4vm_utils_read_word              e4vm_utils
     00007B7E  _e4vm_utils__init                  e4vm_utils
     00007B86  _e4vm_stack_drop                   e4vm_stack
     00007BA1  _e4vm_stack_swap                   e4vm_stack
     00007C1D  _e4vm_stack_dup                    e4vm_stack
     00007C64  _e4vm_stack_over                   e4vm_stack
     00007CAC  _e4vm_stack_rot                    e4vm_stack
     00007D5C  _e4vm_stack_nrot                   e4vm_stack
     00007E0E  _e4vm_stack_add_core_words         e4vm_stack
     00007F41  _e4vm_stack__init                  e4vm_stack
     00007F4C  _e4vm_math_minus                   e4vm_math
     00007F99  _e4vm_math_plus                    e4vm_math
     00007FE4  _e4vm_math_multiply                e4vm_math
     00008037  _e4vm_math_devide                  e4vm_math
     0000808A  _e4vm_math_mod                     e4vm_math
     000080DD  _e4vm_math_inc                     e4vm_math
     00008107  _e4vm_math_dec                     e4vm_math
     00008130  _e4vm_math_add_core_words          e4vm_math
     00008286  _e4vm_math__init                   e4vm_math
     00008291  _e4vm_boolean_true                 e4vm_boolean
     000082D5  _e4vm_boolean_false                e4vm_boolean
     00008319  _e4vm_boolean_not                  e4vm_boolean
     000083F2  _e4vm_boolean_invert               e4vm_boolean
     0000841E  _e4vm_boolean_or                   e4vm_boolean
     00008476  _e4vm_boolean_and                  e4vm_boolean
     000084DD  _e4vm_boolean_xor                  e4vm_boolean
     00008537  _e4vm_boolean_eql                  e4vm_boolean
     000085B9  _e4vm_boolean_not_eql              e4vm_boolean
     0000863B  _e4vm_boolean_less                 e4vm_boolean
     000086C2  _e4vm_boolean_greater              e4vm_boolean
     00008747  _e4vm_boolean_less_eql             e4vm_boolean
     000087CC  _e4vm_boolean_greater_eql          e4vm_boolean
     00008853  _e4vm_boolean_add_core_words       e4vm_boolean
     00008AD5  _e4vm_boolean__init                e4vm_boolean
     00008AE0  _SYSTEM_STRCMPCC                   SYSTEM_004
     00008B37  _Basic_PAUSE_EI                    Basic_034
     00008B49  _SYSTEM_MODS                       SYSTEM_017
     00008BDB  __mulint                           
     00008BE1  __mul16                            
     00008BF5  _SYSTEM_DIVS                       SYSTEM_014
ASxxxx Linker V03.00 + NoICE + sdld,  page 4.
Hexadecimal  [32-Bits]

Area                                    Addr        Size        Decimal Bytes (Attributes)
--------------------------------        ----        ----        ------- ----- ------------
_CODE                               000061A8    00002E03 =       11779. bytes (REL,CON)

      Value  Global                              Global Defined In Module
      -----  --------------------------------   ------------------------
     00008C84  _Console_WriteStr_C_COMPACT        Console_014
     00008C8F  _Console_Clear_COMPACT             Console_028
     00008CAC  ___sdcc_call_hl                    
     00008CAD  _Basic_Quit_IM1                    Basic_066
     00008CB2  _memcpy                            memcpy
     00008CD1  _Console_ReadStr_COMPACT           Console_038
     00008DC6  _Console_WriteCh_COMPACT           Console_005
     00008DD1  _ATTR_ADR_C                        Console_005
     00008DF5  _Console_WriteInt_COMPACT          Console_020
     00008E0A  _e4vm_type__init                   e4vm_type_001
     00008E10  _Timer_Delay_Ex_fastcall           Timer_002
     00008E1B  _Console_WriteLn_COMPACT           Console_012
     00008E28  _INC_HBYTE_C                       Console_012
     00008E39  ___sdcc_enter_ix                   
     00008E43  __modschar                         
     00008E50  __modsint                          
     00008E5C  __divsint                          
     00008E65  __divschar                         
     00008E6C  __div8                             
     00008E70  __div_signexte                     
     00008E74  __div16                            
     00008E9A  __get_remainder                    
     00008EA4  _Input_Read_NoRepeat               Input_003
     00008EB9  _SYSTEM_HALT_m1                    SYSTEM_001
     00008EC5  _Input_Available_NoRepeat          Input_001
     00008ED2  _Console_BackPos_COMPACT           Console_032
     00008ED7  __divuint                          
     00008EDF  __divuchar                         
     00008EE6  __divu8                            
     00008EE9  __divu16                           
     00008F18  _Console_WriteUShort_COMPACT       Console_019
     00008F48  ___memcpy                          __memcpy

ASxxxx Linker V03.00 + NoICE + sdld,  page 5.
Hexadecimal  [32-Bits]

Area                                    Addr        Size        Decimal Bytes (Attributes)
--------------------------------        ----        ----        ------- ----- ------------
_DATA                               0000C350    0000055D =        1373. bytes (REL,CON)

      Value  Global                              Global Defined In Module
      -----  --------------------------------   ------------------------
ASxxxx Linker V03.00 + NoICE + sdld,  page 6.

Files Linked                              [ module(s) ]

C:\xdev\ZXDev\Lib\crt0.rel                [ crt0 ]
e4vm.rel                                  [ e4vm ]
e4vm_core.rel                             [ e4vm_core ]
e4vm_core_ext.rel                         [ e4vm_core_ext ]
e4vm_mem.rel                              [ e4vm_mem ]
e4vm_comment.rel                          [ e4vm_comment ]
e4vm_rw.rel                               [ e4vm_rw ]
e4vm_utils.rel                            [ e4vm_utils ]
e4vm_stack.rel                            [ e4vm_stack ]
e4vm_math.rel                             [ e4vm_math ]
e4vm_boolean.rel                          [ e4vm_boolean ]


Libraries Linked                          [ object file ]

C:\xdev\ZXDev\Lib/XDev.lib                [ SYSTEM_004.rel ]
C:\xdev\ZXDev\Lib/Basic.lib               [ Basic_034.rel ]
C:\xdev\ZXDev\Lib/XDev.lib                [ SYSTEM_017.rel ]
C:\xdev\ZXDev\Lib/z80.lib                 [ mul.rel ]
C:\xdev\ZXDev\Lib/XDev.lib                [ Console_001.rel ]
C:\xdev\ZXDev\Lib/XDev.lib                [ SYSTEM_014.rel ]
C:\xdev\ZXDev\Lib/XDev.lib                [ Console_014.rel ]
C:\xdev\ZXDev\Lib/XDev.lib                [ Console_028.rel ]
C:\xdev\ZXDev\Lib/z80.lib                 [ __sdcc_call_hl.rel ]
C:\xdev\ZXDev\Lib/Basic.lib               [ Basic_066.rel ]
C:\xdev\ZXDev\Lib/z80.lib                 [ memcpy.rel ]
C:\xdev\ZXDev\Lib/XDev.lib                [ Console_038.rel ]
C:\xdev\ZXDev\Lib/XDev.lib                [ Console_005.rel ]
C:\xdev\ZXDev\Lib/XDev.lib                [ Console_020.rel ]
C:\xdev\ZXDev\Lib/e4vm_type.lib           [ e4vm_type_001.rel ]
C:\xdev\ZXDev\Lib/XDev.lib                [ Timer_002.rel ]
C:\xdev\ZXDev\Lib/XDev.lib                [ Console_012.rel ]
C:\xdev\ZXDev\Lib/z80.lib                 [ crtenter.rel ]
C:\xdev\ZXDev\Lib/z80.lib                 [ modsigned.rel ]
C:\xdev\ZXDev\Lib/z80.lib                 [ divsigned.rel ]
C:\xdev\ZXDev\Lib/XDev.lib                [ Input_003.rel ]
C:\xdev\ZXDev\Lib/XDev.lib                [ SYSTEM_001.rel ]
C:\xdev\ZXDev\Lib/XDev.lib                [ Input_001.rel ]
C:\xdev\ZXDev\Lib/XDev.lib                [ Console_032.rel ]
C:\xdev\ZXDev\Lib/z80.lib                 [ divunsigned.rel ]
C:\xdev\ZXDev\Lib/XDev.lib                [ Console_019.rel ]
C:\xdev\ZXDev\Lib/z80.lib                 [ __memcpy.rel ]

ASxxxx Linker V03.00 + NoICE + sdld,  page 7.

User Base Address Definitions

_CODE = 0x61a8
_DATA = 0xc350

