ASxxxx Linker V03.00 + NoICE + sdld,  page 1.
Hexadecimal  [32-Bits]

Area                                    Addr        Size        Decimal Bytes (Attributes)
--------------------------------        ----        ----        ------- ----- ------------
.  .ABS.                            00000000    00000000 =           0. bytes (ABS,CON)

      Value  Global                              Global Defined In Module
      -----  --------------------------------   ------------------------
     00000000  .__.ABS.                           __memcpy
     00000000  l__CABS                         
     00000000  l__DABS                         
     00000000  l__GSFINAL                      
     00000000  l__GSINIT                       
     00000000  l__HOME                         
     00000000  l__INITIALIZED                  
     00000000  l__INITIALIZER                  
     00000000  s__CABS                         
     00000000  s__DABS                         
     00000311  l__DATA                         
     00004670  l__CODE                         
     00005C8F  _Console_attrib                    Console_001
     000061A8  s__CODE                         
     0000C350  s__DATA                         
     0000C661  s__GSFINAL                      
     0000C661  s__GSINIT                       
     0000C661  s__HOME                         
     0000C661  s__INITIALIZED                  
     0000C661  s__INITIALIZER                  

ASxxxx Linker V03.00 + NoICE + sdld,  page 2.
Hexadecimal  [32-Bits]

Area                                    Addr        Size        Decimal Bytes (Attributes)
--------------------------------        ----        ----        ------- ----- ------------
_CODE                               000061A8    00004670 =       18032. bytes (REL,CON)

      Value  Global                              Global Defined In Module
      -----  --------------------------------   ------------------------
     00008674  _main                              e4vm
     000086B8  _e4vm_core_do_nop                  e4vm_core
     000086B9  _e4vm_core_do_list                 e4vm_core
     00008714  _e4vm_core_do_next                 e4vm_core
     000087A2  _e4vm_core_do_exit                 e4vm_core
     000087DF  _e4vm_core_add_core_words          e4vm_core
     000088B1  _e4vm_core__init                   e4vm_core
     000088BC  _e4vm_core_ext_quit                e4vm_core_ext
     000088BD  _e4vm_core_ext_do_lit              e4vm_core_ext
     000088F5  _e4vm_core_ext_get_here_addr       e4vm_core_ext
     00008915  _e4vm_core_ext_comma               e4vm_core_ext
     00008955  _e4vm_core_ext_branch              e4vm_core_ext
     00008979  _e4vm_core_ext_zbranch             e4vm_core_ext
     000089DD  _e4vm_core_ext_lbrac               e4vm_core_ext
     000089EB  _e4vm_core_ext_rbrac               e4vm_core_ext
     000089F9  _e4vm_core_ext_immediate           e4vm_core_ext
     00008A23  _e4vm_core_ext_execute_addr        e4vm_core_ext
     00008A94  _e4vm_core_ext_execute             e4vm_core_ext
     00008AD4  _e4vm_core_ext_add_core_words      e4vm_core_ext
     00008CD8  _e4vm_core_ext__init               e4vm_core_ext
     00008CE6  _e4vm_utils_add_core_word          e4vm_utils
     00008DF3  _e4vm_utils_look_up_word_address   e4vm_utils
     00008EE1  _e4vm_utils_look_up_word_idx_by_   e4vm_utils
     00008FB9  _e4vm_utils_here_to_wp             e4vm_utils
     00008FD9  _e4vm_utils_add_op                 e4vm_utils
     00009019  _e4vm_utils_add_op_from_string     e4vm_utils
     00009044  _e4vm_utils_init                   e4vm_utils
     0000912D  _e4vm_utils_vm_stat                e4vm_utils
     0000930F  _e4vm_utils_true_const             e4vm_utils
     00009313  _e4vm_utils_false_const            e4vm_utils
     00009317  _e4vm_utils_error                  e4vm_utils
     00009336  _e4vm_utils_stack_ds_push          e4vm_utils
     00009376  _e4vm_utils_stack_rs_push          e4vm_utils
     000093B6  _e4vm_utils_read_char              e4vm_utils
     000093C1  _e4vm_utils_read_string            e4vm_utils
     000093EA  _e4vm_utils__init                  e4vm_utils
     000093F2  _e4vm_stack_drop                   e4vm_stack
     0000940D  _e4vm_stack_swap                   e4vm_stack
     00009489  _e4vm_stack_dup                    e4vm_stack
     000094D0  _e4vm_stack_over                   e4vm_stack
     00009518  _e4vm_stack_rot                    e4vm_stack
     000095C8  _e4vm_stack_nrot                   e4vm_stack
     0000967A  _e4vm_stack_add_core_words         e4vm_stack
     000097AD  _e4vm_stack__init                  e4vm_stack
     000097B8  _e4vm_math_minus                   e4vm_math
     00009805  _e4vm_math_plus                    e4vm_math
     00009851  _e4vm_math_multiply                e4vm_math
     000098A4  _e4vm_math_devide                  e4vm_math
     000098F7  _e4vm_math_mod                     e4vm_math
     0000994A  _e4vm_math_inc                     e4vm_math
ASxxxx Linker V03.00 + NoICE + sdld,  page 3.
Hexadecimal  [32-Bits]

Area                                    Addr        Size        Decimal Bytes (Attributes)
--------------------------------        ----        ----        ------- ----- ------------
_CODE                               000061A8    00004670 =       18032. bytes (REL,CON)

      Value  Global                              Global Defined In Module
      -----  --------------------------------   ------------------------
     00009974  _e4vm_math_dec                     e4vm_math
     0000999D  _e4vm_math_add_core_words          e4vm_math
     00009AF3  _e4vm_math__init                   e4vm_math
     00009AFE  _e4vm_boolean_true                 e4vm_boolean
     00009B42  _e4vm_boolean_false                e4vm_boolean
     00009B86  _e4vm_boolean_not                  e4vm_boolean
     00009C5F  _e4vm_boolean_invert               e4vm_boolean
     00009C8B  _e4vm_boolean_or                   e4vm_boolean
     00009CE3  _e4vm_boolean_and                  e4vm_boolean
     00009D4A  _e4vm_boolean_xor                  e4vm_boolean
     00009DA4  _e4vm_boolean_eql                  e4vm_boolean
     00009E26  _e4vm_boolean_not_eql              e4vm_boolean
     00009EA8  _e4vm_boolean_less                 e4vm_boolean
     00009F2F  _e4vm_boolean_greater              e4vm_boolean
     00009FB4  _e4vm_boolean_less_eql             e4vm_boolean
     0000A039  _e4vm_boolean_greater_eql          e4vm_boolean
     0000A0C0  _e4vm_boolean_add_core_words       e4vm_boolean
     0000A342  _e4vm_boolean__init                e4vm_boolean
     0000A34D  _SYSTEM_STRCMPCC                   SYSTEM_004
     0000A3A4  _Basic_PAUSE_EI                    Basic_034
     0000A3B6  _SYSTEM_MODS                       SYSTEM_017
     0000A448  __mulint                           
     0000A44E  __mul16                            
     0000A462  _SYSTEM_DIVS                       SYSTEM_014
     0000A4F1  _Console_WriteStr_C_COMPACT        Console_014
     0000A4FC  _Console_Clear_COMPACT             Console_028
     0000A519  ___sdcc_call_hl                    
     0000A51A  _Basic_Quit_IM1                    Basic_066
     0000A51F  _memcpy                            memcpy
     0000A53E  _Console_ReadStr_COMPACT           Console_038
     0000A633  _Console_WriteInt_COMPACT          Console_020
     0000A648  _Console_WriteCh_COMPACT           Console_005
     0000A653  _ATTR_ADR_C                        Console_005
     0000A677  _e4vm_type__init                   e4vm_type_001
     0000A67D  _Timer_Delay_Ex_fastcall           Timer_002
     0000A688  _Console_WriteLn_COMPACT           Console_012
     0000A695  _INC_HBYTE_C                       Console_012
     0000A6A6  ___sdcc_enter_ix                   
     0000A6B0  __modschar                         
     0000A6BD  __modsint                          
     0000A6C9  __divsint                          
     0000A6D2  __divschar                         
     0000A6D9  __div8                             
     0000A6DD  __div_signexte                     
     0000A6E1  __div16                            
     0000A707  __get_remainder                    
     0000A711  _Input_Read_NoRepeat               Input_003
     0000A726  _SYSTEM_HALT_m1                    SYSTEM_001
     0000A732  _Input_Available_NoRepeat          Input_001
     0000A73F  _Console_BackPos_COMPACT           Console_032
     0000A744  __divuint                          
ASxxxx Linker V03.00 + NoICE + sdld,  page 4.
Hexadecimal  [32-Bits]

Area                                    Addr        Size        Decimal Bytes (Attributes)
--------------------------------        ----        ----        ------- ----- ------------
_CODE                               000061A8    00004670 =       18032. bytes (REL,CON)

      Value  Global                              Global Defined In Module
      -----  --------------------------------   ------------------------
     0000A74C  __divuchar                         
     0000A753  __divu8                            
     0000A756  __divu16                           
     0000A785  _Console_WriteUShort_COMPACT       Console_019
     0000A7B5  ___memcpy                          __memcpy

ASxxxx Linker V03.00 + NoICE + sdld,  page 5.
Hexadecimal  [32-Bits]

Area                                    Addr        Size        Decimal Bytes (Attributes)
--------------------------------        ----        ----        ------- ----- ------------
_DATA                               0000C350    00000311 =         785. bytes (REL,CON)

      Value  Global                              Global Defined In Module
      -----  --------------------------------   ------------------------
ASxxxx Linker V03.00 + NoICE + sdld,  page 6.

Files Linked                              [ module(s) ]

C:\xdev\ZXDev\Lib\crt0.rel                [ crt0 ]
e4vm.rel                                  [ e4vm ]
e4vm_core.rel                             [ e4vm_core ]
e4vm_core_ext.rel                         [ e4vm_core_ext ]
e4vm_utils.rel                            [ e4vm_utils ]
e4vm_stack.rel                            [ e4vm_stack ]
e4vm_math.rel                             [ e4vm_math ]
e4vm_boolean.rel                          [ e4vm_boolean ]


Libraries Linked                          [ object file ]

C:\xdev\ZXDev\Lib/XDev.lib                [ SYSTEM_004.rel ]
C:\xdev\ZXDev\Lib/Basic.lib               [ Basic_034.rel ]
C:\xdev\ZXDev\Lib/XDev.lib                [ SYSTEM_017.rel ]
C:\xdev\ZXDev\Lib/z80.lib                 [ mul.rel ]
C:\xdev\ZXDev\Lib/XDev.lib                [ Console_001.rel ]
C:\xdev\ZXDev\Lib/XDev.lib                [ SYSTEM_014.rel ]
C:\xdev\ZXDev\Lib/XDev.lib                [ Console_014.rel ]
C:\xdev\ZXDev\Lib/XDev.lib                [ Console_028.rel ]
C:\xdev\ZXDev\Lib/z80.lib                 [ __sdcc_call_hl.rel ]
C:\xdev\ZXDev\Lib/Basic.lib               [ Basic_066.rel ]
C:\xdev\ZXDev\Lib/z80.lib                 [ memcpy.rel ]
C:\xdev\ZXDev\Lib/XDev.lib                [ Console_038.rel ]
C:\xdev\ZXDev\Lib/XDev.lib                [ Console_020.rel ]
C:\xdev\ZXDev\Lib/XDev.lib                [ Console_005.rel ]
C:\xdev\ZXDev\Lib/e4vm_type.lib           [ e4vm_type_001.rel ]
C:\xdev\ZXDev\Lib/XDev.lib                [ Timer_002.rel ]
C:\xdev\ZXDev\Lib/XDev.lib                [ Console_012.rel ]
C:\xdev\ZXDev\Lib/z80.lib                 [ crtenter.rel ]
C:\xdev\ZXDev\Lib/z80.lib                 [ modsigned.rel ]
C:\xdev\ZXDev\Lib/z80.lib                 [ divsigned.rel ]
C:\xdev\ZXDev\Lib/XDev.lib                [ Input_003.rel ]
C:\xdev\ZXDev\Lib/XDev.lib                [ SYSTEM_001.rel ]
C:\xdev\ZXDev\Lib/XDev.lib                [ Input_001.rel ]
C:\xdev\ZXDev\Lib/XDev.lib                [ Console_032.rel ]
C:\xdev\ZXDev\Lib/z80.lib                 [ divunsigned.rel ]
C:\xdev\ZXDev\Lib/XDev.lib                [ Console_019.rel ]
C:\xdev\ZXDev\Lib/z80.lib                 [ __memcpy.rel ]

ASxxxx Linker V03.00 + NoICE + sdld,  page 7.

User Base Address Definitions

_CODE = 0x61a8
_DATA = 0xc350

