ASxxxx Linker V03.00 + NoICE + sdld,  page 1.
Hexadecimal  [32-Bits]

Area                                    Addr        Size        Decimal Bytes (Attributes)
--------------------------------        ----        ----        ------- ----- ------------
.  .ABS.                            00000000    00000000 =           0. bytes (ABS,CON)

      Value  Global                              Global Defined In Module
      -----  --------------------------------   ------------------------
     00000000  .__.ABS.                           Console_019
     00000000  _main                           
     00000000  l__CABS                         
     00000000  l__DABS                         
     00000000  l__DATA                         
     00000000  l__GSFINAL                      
     00000000  l__GSINIT                       
     00000000  l__HOME                         
     00000000  l__INITIALIZED                  
     00000000  l__INITIALIZER                  
     00000000  s__CABS                         
     00000000  s__DABS                         
     00000DA9  l__CODE                         
     0000B000  s__CODE                         
     0000C350  s__DATA                         
     0000C350  s__GSFINAL                      
     0000C350  s__GSINIT                       
     0000C350  s__HOME                         
     0000C350  s__INITIALIZED                  
     0000C350  s__INITIALIZER                  

ASxxxx Linker V03.00 + NoICE + sdld,  page 2.
Hexadecimal  [32-Bits]

Area                                    Addr        Size        Decimal Bytes (Attributes)
--------------------------------        ----        ----        ------- ----- ------------
_CODE                               0000B000    00000DA9 =        3497. bytes (REL,CON)

      Value  Global                              Global Defined In Module
      -----  --------------------------------   ------------------------
     0000B242  _e4vm_core_nop                     e4vm_core
     0000B24F  _e4vm_core_do_nop                  e4vm_core
     0000B25C  _e4vm_core_do_list                 e4vm_core
     0000B2C8  _e4vm_core_do_next                 e4vm_core
     0000B386  _e4vm_core_do_exit                 e4vm_core
     0000B3D4  _e4vm_core__init                   e4vm_core
     0000B3DA  _e4vm_utils_init                   e4vm_utils
     0000B4C0  _e4vm_utils_vm_stat                e4vm_utils
     0000B616  _e4vm_utils__init                  e4vm_utils
     0000B61E  _e4vm_stack_drop                   e4vm_stack
     0000B647  _e4vm_stack_swap                   e4vm_stack
     0000B6CC  _e4vm_stack_dup                    e4vm_stack
     0000B720  _e4vm_stack_over                   e4vm_stack
     0000B776  _e4vm_stack_rot                    e4vm_stack
     0000B823  _e4vm_stack_nrot                   e4vm_stack
     0000B8D3  _e4vm_stack__init                  e4vm_stack
     0000B8D9  _e4vm_math_minus                   e4vm_math
     0000B932  _e4vm_math_plus                    e4vm_math
     0000B988  _e4vm_math_multiply                e4vm_math
     0000B9E7  _e4vm_math_devide                  e4vm_math
     0000BA46  _e4vm_math_mod                     e4vm_math
     0000BAA7  _e4vm_math_inc                     e4vm_math
     0000BADD  _e4vm_math_dec                     e4vm_math
     0000BB12  _e4vm_math__init                   e4vm_math
     0000BB18  _SYSTEM_MODS                       SYSTEM_017
     0000BBAA  __mulint                           
     0000BBB0  __mul16                            
     0000BBC4  _SYSTEM_DIVS                       SYSTEM_014
     0000BC53  _Console_WriteStr_C_COMPACT        Console_014
     0000BC5E  ___sdcc_call_hl                    
     0000BC5F  _Console_WriteCh_COMPACT           Console_005
     0000BC6A  _ATTR_ADR_C                        Console_005
     0000BC8E  _Console_WriteInt_COMPACT          Console_020
     0000BCA3  _Console_WriteLn_COMPACT           Console_012
     0000BCB0  _INC_HBYTE_C                       Console_012
     0000BCC1  ___sdcc_enter_ix                   
     0000BCCB  __modschar                         
     0000BCD8  __modsint                          
     0000BCE4  __divsint                          
     0000BCED  __divschar                         
     0000BCF4  __div8                             
     0000BCF8  __div_signexte                     
     0000BCFC  __div16                            
     0000BD22  __get_remainder                    
     0000BD2C  _SYSTEM_HALT_m1                    SYSTEM_001
     0000BD38  __divuint                          
     0000BD40  __divuchar                         
     0000BD47  __divu8                            
     0000BD4A  __divu16                           
     0000BD79  _Console_WriteUShort_COMPACT       Console_019

ASxxxx Linker V03.00 + NoICE + sdld,  page 3.

Files Linked                              [ module(s) ]

C:\xdev\ZXDev\Lib\crt0.rel                [ crt0 ]
e4vm_math.rel                             [ e4vm_math ]
e4vm_core.rel                             [ e4vm_core ]
e4vm_utils.rel                            [ e4vm_utils ]
e4vm_stack.rel                            [ e4vm_stack ]
e4vm_math.rel                             [ e4vm_math ]


Libraries Linked                          [ object file ]

C:\xdev\ZXDev\Lib/XDev.lib                [ SYSTEM_017.rel ]
C:\xdev\ZXDev\Lib/z80.lib                 [ mul.rel ]
C:\xdev\ZXDev\Lib/XDev.lib                [ SYSTEM_014.rel ]
C:\xdev\ZXDev\Lib/XDev.lib                [ Console_014.rel ]
C:\xdev\ZXDev\Lib/z80.lib                 [ __sdcc_call_hl.rel ]
C:\xdev\ZXDev\Lib/XDev.lib                [ Console_005.rel ]
C:\xdev\ZXDev\Lib/XDev.lib                [ Console_020.rel ]
C:\xdev\ZXDev\Lib/XDev.lib                [ Console_012.rel ]
C:\xdev\ZXDev\Lib/z80.lib                 [ crtenter.rel ]
C:\xdev\ZXDev\Lib/z80.lib                 [ modsigned.rel ]
C:\xdev\ZXDev\Lib/z80.lib                 [ divsigned.rel ]
C:\xdev\ZXDev\Lib/XDev.lib                [ SYSTEM_001.rel ]
C:\xdev\ZXDev\Lib/z80.lib                 [ divunsigned.rel ]
C:\xdev\ZXDev\Lib/XDev.lib                [ Console_019.rel ]

ASxxxx Linker V03.00 + NoICE + sdld,  page 4.

User Base Address Definitions

_CODE = 0xb000
_DATA = 0xc350


?ASlink-Warning-Undefined Global '_main' referenced by module 'crt0'
