ASxxxx Linker V03.00 + NoICE + sdld,  page 1.
Hexadecimal  [32-Bits]

Area                                    Addr        Size        Decimal Bytes (Attributes)
--------------------------------        ----        ----        ------- ----- ------------
.  .ABS.                            00000000    00000000 =           0. bytes (ABS,CON)

      Value  Global                              Global Defined In Module
      -----  --------------------------------   ------------------------
     00000000  .__.ABS.                           Console_019
     00000000  _main                           
     00000000  l__CABS                         
     00000000  l__DABS                         
     00000000  l__DATA                         
     00000000  l__GSFINAL                      
     00000000  l__GSINIT                       
     00000000  l__HOME                         
     00000000  l__INITIALIZED                  
     00000000  l__INITIALIZER                  
     00000000  s__CABS                         
     00000000  s__DABS                         
     000011B1  l__CODE                         
     0000B000  s__CODE                         
     0000C350  s__DATA                         
     0000C350  s__GSFINAL                      
     0000C350  s__GSINIT                       
     0000C350  s__HOME                         
     0000C350  s__INITIALIZED                  
     0000C350  s__INITIALIZER                  

ASxxxx Linker V03.00 + NoICE + sdld,  page 2.
Hexadecimal  [32-Bits]

Area                                    Addr        Size        Decimal Bytes (Attributes)
--------------------------------        ----        ----        ------- ----- ------------
_CODE                               0000B000    000011B1 =        4529. bytes (REL,CON)

      Value  Global                              Global Defined In Module
      -----  --------------------------------   ------------------------
     0000B331  _e4vm_core_do_nop                  e4vm_core
     0000B343  _e4vm_core_do_list                 e4vm_core
     0000B39E  _e4vm_core_do_next                 e4vm_core
     0000B439  _e4vm_core_do_exit                 e4vm_core
     0000B476  _e4vm_core__init                   e4vm_core
     0000B47C  _e4vm_utils_init                   e4vm_utils
     0000B562  _e4vm_utils_vm_stat                e4vm_utils
     0000B6B8  _e4vm_utils_true_const             e4vm_utils
     0000B6C1  _e4vm_utils_false_const            e4vm_utils
     0000B6CA  _e4vm_utils_error                  e4vm_utils
     0000B6F0  _e4vm_utils__init                  e4vm_utils
     0000B6F8  _e4vm_stack_drop                   e4vm_stack
     0000B721  _e4vm_stack_swap                   e4vm_stack
     0000B7A6  _e4vm_stack_dup                    e4vm_stack
     0000B7FA  _e4vm_stack_over                   e4vm_stack
     0000B850  _e4vm_stack_rot                    e4vm_stack
     0000B8FD  _e4vm_stack_nrot                   e4vm_stack
     0000B9AD  _e4vm_stack__init                  e4vm_stack
     0000B9B3  _e4vm_math_minus                   e4vm_math
     0000BA0C  _e4vm_math_plus                    e4vm_math
     0000BA62  _e4vm_math_multiply                e4vm_math
     0000BAC1  _e4vm_math_devide                  e4vm_math
     0000BB20  _e4vm_math_mod                     e4vm_math
     0000BB81  _e4vm_math_inc                     e4vm_math
     0000BBB7  _e4vm_math_dec                     e4vm_math
     0000BBEC  _e4vm_math__init                   e4vm_math
     0000BBF2  _e4vm_boolean_true                 e4vm_boolean
     0000BC51  _e4vm_boolean_false                e4vm_boolean
     0000BCB1  _e4vm_boolean_not                  e4vm_boolean
     0000BD9D  _e4vm_boolean_invert               e4vm_boolean
     0000BDD9  _e4vm_boolean_or                   e4vm_boolean
     0000BE3D  _e4vm_boolean_and                  e4vm_boolean
     0000BEB1  _e4vm_boolean_xor                  e4vm_boolean
     0000BF18  _e4vm_boolean__init                e4vm_boolean
     0000BF20  _SYSTEM_MODS                       SYSTEM_017
     0000BFB2  __mulint                           
     0000BFB8  __mul16                            
     0000BFCC  _SYSTEM_DIVS                       SYSTEM_014
     0000C05B  _Console_WriteStr_C_COMPACT        Console_014
     0000C066  ___sdcc_call_hl                    
     0000C067  _Console_WriteCh_COMPACT           Console_005
     0000C072  _ATTR_ADR_C                        Console_005
     0000C096  _Console_WriteInt_COMPACT          Console_020
     0000C0AB  _Console_WriteLn_COMPACT           Console_012
     0000C0B8  _INC_HBYTE_C                       Console_012
     0000C0C9  ___sdcc_enter_ix                   
     0000C0D3  __modschar                         
     0000C0E0  __modsint                          
     0000C0EC  __divsint                          
     0000C0F5  __divschar                         
ASxxxx Linker V03.00 + NoICE + sdld,  page 3.
Hexadecimal  [32-Bits]

Area                                    Addr        Size        Decimal Bytes (Attributes)
--------------------------------        ----        ----        ------- ----- ------------
_CODE                               0000B000    000011B1 =        4529. bytes (REL,CON)

      Value  Global                              Global Defined In Module
      -----  --------------------------------   ------------------------
     0000C0FC  __div8                             
     0000C100  __div_signexte                     
     0000C104  __div16                            
     0000C12A  __get_remainder                    
     0000C134  _SYSTEM_HALT_m1                    SYSTEM_001
     0000C140  __divuint                          
     0000C148  __divuchar                         
     0000C14F  __divu8                            
     0000C152  __divu16                           
     0000C181  _Console_WriteUShort_COMPACT       Console_019
ASxxxx Linker V03.00 + NoICE + sdld,  page 4.

Files Linked                              [ module(s) ]

C:\xdev\ZXDev\Lib\crt0.rel                [ crt0 ]
e4vm_boolean.rel                          [ e4vm_boolean ]
e4vm_core.rel                             [ e4vm_core ]
e4vm_utils.rel                            [ e4vm_utils ]
e4vm_stack.rel                            [ e4vm_stack ]
e4vm_math.rel                             [ e4vm_math ]
e4vm_boolean.rel                          [ e4vm_boolean ]


Libraries Linked                          [ object file ]

C:\xdev\ZXDev\Lib/XDev.lib                [ SYSTEM_017.rel ]
C:\xdev\ZXDev\Lib/z80.lib                 [ mul.rel ]
C:\xdev\ZXDev\Lib/XDev.lib                [ SYSTEM_014.rel ]
C:\xdev\ZXDev\Lib/XDev.lib                [ Console_014.rel ]
C:\xdev\ZXDev\Lib/z80.lib                 [ __sdcc_call_hl.rel ]
C:\xdev\ZXDev\Lib/XDev.lib                [ Console_005.rel ]
C:\xdev\ZXDev\Lib/XDev.lib                [ Console_020.rel ]
C:\xdev\ZXDev\Lib/XDev.lib                [ Console_012.rel ]
C:\xdev\ZXDev\Lib/z80.lib                 [ crtenter.rel ]
C:\xdev\ZXDev\Lib/z80.lib                 [ modsigned.rel ]
C:\xdev\ZXDev\Lib/z80.lib                 [ divsigned.rel ]
C:\xdev\ZXDev\Lib/XDev.lib                [ SYSTEM_001.rel ]
C:\xdev\ZXDev\Lib/z80.lib                 [ divunsigned.rel ]
C:\xdev\ZXDev\Lib/XDev.lib                [ Console_019.rel ]

ASxxxx Linker V03.00 + NoICE + sdld,  page 5.

User Base Address Definitions

_CODE = 0xb000
_DATA = 0xc350


?ASlink-Warning-Undefined Global '_main' referenced by module 'crt0'
