ASxxxx Linker V03.00 + NoICE + sdld,  page 1.
Hexadecimal  [32-Bits]

Area                                    Addr        Size        Decimal Bytes (Attributes)
--------------------------------        ----        ----        ------- ----- ------------
.  .ABS.                            00000000    00000000 =           0. bytes (ABS,CON)

      Value  Global                              Global Defined In Module
      -----  --------------------------------   ------------------------
     00000000  .__.ABS.                           Console_019
     00000000  _main                           
     00000000  l__CABS                         
     00000000  l__DABS                         
     00000000  l__DATA                         
     00000000  l__GSFINAL                      
     00000000  l__GSINIT                       
     00000000  l__HOME                         
     00000000  l__INITIALIZED                  
     00000000  l__INITIALIZER                  
     00000000  s__CABS                         
     00000000  s__DABS                         
     000012F0  l__CODE                         
     0000B000  s__CODE                         
     0000C350  s__DATA                         
     0000C350  s__GSFINAL                      
     0000C350  s__GSINIT                       
     0000C350  s__HOME                         
     0000C350  s__INITIALIZED                  
     0000C350  s__INITIALIZER                  

ASxxxx Linker V03.00 + NoICE + sdld,  page 2.
Hexadecimal  [32-Bits]

Area                                    Addr        Size        Decimal Bytes (Attributes)
--------------------------------        ----        ----        ------- ----- ------------
_CODE                               0000B000    000012F0 =        4848. bytes (REL,CON)

      Value  Global                              Global Defined In Module
      -----  --------------------------------   ------------------------
     0000B1ED  _e4vm_core_do_nop                  e4vm_core
     0000B1F2  _e4vm_core_do_list                 e4vm_core
     0000B24D  _e4vm_core_do_next                 e4vm_core
     0000B2E8  _e4vm_core_do_exit                 e4vm_core
     0000B325  _e4vm_core__init                   e4vm_core
     0000B32B  _e4vm_core_ext_quit                e4vm_core_ext
     0000B333  _e4vm_core_ext_do_lit              e4vm_core_ext
     0000B349  _e4vm_core_ext__init               e4vm_core_ext
     0000B34F  _e4vm_utils_init                   e4vm_utils
     0000B435  _e4vm_utils_vm_stat                e4vm_utils
     0000B58B  _e4vm_utils_true_const             e4vm_utils
     0000B594  _e4vm_utils_false_const            e4vm_utils
     0000B59D  _e4vm_utils_error                  e4vm_utils
     0000B5C3  _e4vm_utils__init                  e4vm_utils
     0000B5CB  _e4vm_stack_drop                   e4vm_stack
     0000B5F4  _e4vm_stack_swap                   e4vm_stack
     0000B679  _e4vm_stack_dup                    e4vm_stack
     0000B6CD  _e4vm_stack_over                   e4vm_stack
     0000B723  _e4vm_stack_rot                    e4vm_stack
     0000B7D0  _e4vm_stack_nrot                   e4vm_stack
     0000B880  _e4vm_stack__init                  e4vm_stack
     0000B886  _e4vm_math_minus                   e4vm_math
     0000B8D3  _e4vm_math_plus                    e4vm_math
     0000B91E  _e4vm_math_multiply                e4vm_math
     0000B971  _e4vm_math_devide                  e4vm_math
     0000B9C4  _e4vm_math_mod                     e4vm_math
     0000BA17  _e4vm_math_inc                     e4vm_math
     0000BA41  _e4vm_math_dec                     e4vm_math
     0000BA6A  _e4vm_math__init                   e4vm_math
     0000BA70  _e4vm_boolean_true                 e4vm_boolean
     0000BAC1  _e4vm_boolean_false                e4vm_boolean
     0000BB12  _e4vm_boolean_not                  e4vm_boolean
     0000BBF1  _e4vm_boolean_invert               e4vm_boolean
     0000BC1D  _e4vm_boolean_or                   e4vm_boolean
     0000BC75  _e4vm_boolean_and                  e4vm_boolean
     0000BCDC  _e4vm_boolean_xor                  e4vm_boolean
     0000BD36  _e4vm_boolean_eql                  e4vm_boolean
     0000BDB8  _e4vm_boolean_not_eql              e4vm_boolean
     0000BE3A  _e4vm_boolean_less                 e4vm_boolean
     0000BEC1  _e4vm_boolean_greater              e4vm_boolean
     0000BF46  _e4vm_boolean_less_eql             e4vm_boolean
     0000BFCB  _e4vm_boolean_greater_eql          e4vm_boolean
     0000C052  _e4vm_boolean__init                e4vm_boolean
     0000C05A  _SYSTEM_MODS                       SYSTEM_017
     0000C0EC  __mulint                           
     0000C0F2  __mul16                            
     0000C106  _SYSTEM_DIVS                       SYSTEM_014
     0000C195  _Console_WriteStr_C_COMPACT        Console_014
     0000C1A0  ___sdcc_call_hl                    
     0000C1A1  _Basic_Quit_IM1                    Basic_066
ASxxxx Linker V03.00 + NoICE + sdld,  page 3.
Hexadecimal  [32-Bits]

Area                                    Addr        Size        Decimal Bytes (Attributes)
--------------------------------        ----        ----        ------- ----- ------------
_CODE                               0000B000    000012F0 =        4848. bytes (REL,CON)

      Value  Global                              Global Defined In Module
      -----  --------------------------------   ------------------------
     0000C1A6  _Console_WriteCh_COMPACT           Console_005
     0000C1B1  _ATTR_ADR_C                        Console_005
     0000C1D5  _Console_WriteInt_COMPACT          Console_020
     0000C1EA  _Console_WriteLn_COMPACT           Console_012
     0000C1F7  _INC_HBYTE_C                       Console_012
     0000C208  ___sdcc_enter_ix                   
     0000C212  __modschar                         
     0000C21F  __modsint                          
     0000C22B  __divsint                          
     0000C234  __divschar                         
     0000C23B  __div8                             
     0000C23F  __div_signexte                     
     0000C243  __div16                            
     0000C269  __get_remainder                    
     0000C273  _SYSTEM_HALT_m1                    SYSTEM_001
     0000C27F  __divuint                          
     0000C287  __divuchar                         
     0000C28E  __divu8                            
     0000C291  __divu16                           
     0000C2C0  _Console_WriteUShort_COMPACT       Console_019

ASxxxx Linker V03.00 + NoICE + sdld,  page 4.

Files Linked                              [ module(s) ]

C:\xdev\ZXDev\Lib\crt0.rel                [ crt0 ]
e4vm_math.rel                             [ e4vm_math ]
e4vm_core.rel                             [ e4vm_core ]
e4vm_core_ext.rel                         [ e4vm_core_ext ]
e4vm_utils.rel                            [ e4vm_utils ]
e4vm_stack.rel                            [ e4vm_stack ]
e4vm_math.rel                             [ e4vm_math ]
e4vm_boolean.rel                          [ e4vm_boolean ]


Libraries Linked                          [ object file ]

C:\xdev\ZXDev\Lib/XDev.lib                [ SYSTEM_017.rel ]
C:\xdev\ZXDev\Lib/z80.lib                 [ mul.rel ]
C:\xdev\ZXDev\Lib/XDev.lib                [ SYSTEM_014.rel ]
C:\xdev\ZXDev\Lib/XDev.lib                [ Console_014.rel ]
C:\xdev\ZXDev\Lib/z80.lib                 [ __sdcc_call_hl.rel ]
C:\xdev\ZXDev\Lib/Basic.lib               [ Basic_066.rel ]
C:\xdev\ZXDev\Lib/XDev.lib                [ Console_005.rel ]
C:\xdev\ZXDev\Lib/XDev.lib                [ Console_020.rel ]
C:\xdev\ZXDev\Lib/XDev.lib                [ Console_012.rel ]
C:\xdev\ZXDev\Lib/z80.lib                 [ crtenter.rel ]
C:\xdev\ZXDev\Lib/z80.lib                 [ modsigned.rel ]
C:\xdev\ZXDev\Lib/z80.lib                 [ divsigned.rel ]
C:\xdev\ZXDev\Lib/XDev.lib                [ SYSTEM_001.rel ]
C:\xdev\ZXDev\Lib/z80.lib                 [ divunsigned.rel ]
C:\xdev\ZXDev\Lib/XDev.lib                [ Console_019.rel ]

ASxxxx Linker V03.00 + NoICE + sdld,  page 5.

User Base Address Definitions

_CODE = 0xb000
_DATA = 0xc350


?ASlink-Warning-Undefined Global '_main' referenced by module 'crt0'
