ASxxxx Linker V03.00 + NoICE + sdld,  page 1.
Hexadecimal  [32-Bits]

Area                                    Addr        Size        Decimal Bytes (Attributes)
--------------------------------        ----        ----        ------- ----- ------------
.  .ABS.                            00000000    00000000 =           0. bytes (ABS,CON)

      Value  Global                              Global Defined In Module
      -----  --------------------------------   ------------------------
     00000000  .__.ABS.                           Console_019
     00000000  l__CABS                         
     00000000  l__DABS                         
     00000000  l__GSFINAL                      
     00000000  l__GSINIT                       
     00000000  l__HOME                         
     00000000  l__INITIALIZED                  
     00000000  l__INITIALIZER                  
     00000000  s__CABS                         
     00000000  s__DABS                         
     0000010F  l__DATA                         
     00000DFA  l__CODE                         
     00005C8F  _Console_attrib                    Console_001
     0000B000  s__CODE                         
     0000C350  s__DATA                         
     0000C45F  s__GSFINAL                      
     0000C45F  s__GSINIT                       
     0000C45F  s__HOME                         
     0000C45F  s__INITIALIZED                  
     0000C45F  s__INITIALIZER                  

ASxxxx Linker V03.00 + NoICE + sdld,  page 2.
Hexadecimal  [32-Bits]

Area                                    Addr        Size        Decimal Bytes (Attributes)
--------------------------------        ----        ----        ------- ----- ------------
_CODE                               0000B000    00000DFA =        3578. bytes (REL,CON)

      Value  Global                              Global Defined In Module
      -----  --------------------------------   ------------------------
     0000B22B  _main                              e4vm
     0000B25F  _e4vm_core_nop                     e4vm_core
     0000B26C  _e4vm_core_do_nop                  e4vm_core
     0000B279  _e4vm_core_do_list                 e4vm_core
     0000B2E5  _e4vm_core_do_next                 e4vm_core
     0000B3A3  _e4vm_core_do_exit                 e4vm_core
     0000B3F1  _e4vm_core__init                   e4vm_core
     0000B3F7  _e4vm_utils_init                   e4vm_utils
     0000B4DD  _e4vm_utils_vm_stat                e4vm_utils
     0000B633  _e4vm_utils__init                  e4vm_utils
     0000B63B  _e4vm_stack_drop                   e4vm_stack
     0000B664  _e4vm_stack_swap                   e4vm_stack
     0000B6E9  _e4vm_stack_dup                    e4vm_stack
     0000B73D  _e4vm_stack_over                   e4vm_stack
     0000B793  _e4vm_stack_rot                    e4vm_stack
     0000B840  _e4vm_stack_nrot                   e4vm_stack
     0000B8F0  _e4vm_stack__init                  e4vm_stack
     0000B8F6  _e4vm_math_minus                   e4vm_math
     0000B94F  _e4vm_math_plus                    e4vm_math
     0000B9A5  _e4vm_math_multiply                e4vm_math
     0000BA04  _e4vm_math_devide                  e4vm_math
     0000BA63  _e4vm_math_mod                     e4vm_math
     0000BAC4  _e4vm_math_inc                     e4vm_math
     0000BAFA  _e4vm_math_dec                     e4vm_math
     0000BB2F  _e4vm_math__init                   e4vm_math
     0000BB35  _Basic_PAUSE_EI                    Basic_034
     0000BB47  _SYSTEM_MODS                       SYSTEM_017
     0000BBD9  __mulint                           
     0000BBDF  __mul16                            
     0000BBF3  _SYSTEM_DIVS                       SYSTEM_014
     0000BC82  _Console_WriteStr_C_COMPACT        Console_014
     0000BC8D  _Console_Clear_COMPACT             Console_028
     0000BCAA  ___sdcc_call_hl                    
     0000BCAB  _Basic_Quit_IM1                    Basic_066
     0000BCB0  _Console_WriteCh_COMPACT           Console_005
     0000BCBB  _ATTR_ADR_C                        Console_005
     0000BCDF  _Console_WriteInt_COMPACT          Console_020
     0000BCF4  _Console_WriteLn_COMPACT           Console_012
     0000BD01  _INC_HBYTE_C                       Console_012
     0000BD12  ___sdcc_enter_ix                   
     0000BD1C  __modschar                         
     0000BD29  __modsint                          
     0000BD35  __divsint                          
     0000BD3E  __divschar                         
     0000BD45  __div8                             
     0000BD49  __div_signexte                     
     0000BD4D  __div16                            
     0000BD73  __get_remainder                    
     0000BD7D  _SYSTEM_HALT_m1                    SYSTEM_001
     0000BD89  __divuint                          
ASxxxx Linker V03.00 + NoICE + sdld,  page 3.
Hexadecimal  [32-Bits]

Area                                    Addr        Size        Decimal Bytes (Attributes)
--------------------------------        ----        ----        ------- ----- ------------
_CODE                               0000B000    00000DFA =        3578. bytes (REL,CON)

      Value  Global                              Global Defined In Module
      -----  --------------------------------   ------------------------
     0000BD91  __divuchar                         
     0000BD98  __divu8                            
     0000BD9B  __divu16                           
     0000BDCA  _Console_WriteUShort_COMPACT       Console_019
ASxxxx Linker V03.00 + NoICE + sdld,  page 4.
Hexadecimal  [32-Bits]

Area                                    Addr        Size        Decimal Bytes (Attributes)
--------------------------------        ----        ----        ------- ----- ------------
_DATA                               0000C350    0000010F =         271. bytes (REL,CON)

      Value  Global                              Global Defined In Module
      -----  --------------------------------   ------------------------
ASxxxx Linker V03.00 + NoICE + sdld,  page 5.

Files Linked                              [ module(s) ]

C:\xdev\ZXDev\Lib\crt0.rel                [ crt0 ]
e4vm.rel                                  [ e4vm ]
e4vm_core.rel                             [ e4vm_core ]
e4vm_utils.rel                            [ e4vm_utils ]
e4vm_stack.rel                            [ e4vm_stack ]
e4vm_math.rel                             [ e4vm_math ]


Libraries Linked                          [ object file ]

C:\xdev\ZXDev\Lib/Basic.lib               [ Basic_034.rel ]
C:\xdev\ZXDev\Lib/XDev.lib                [ SYSTEM_017.rel ]
C:\xdev\ZXDev\Lib/z80.lib                 [ mul.rel ]
C:\xdev\ZXDev\Lib/XDev.lib                [ Console_001.rel ]
C:\xdev\ZXDev\Lib/XDev.lib                [ SYSTEM_014.rel ]
C:\xdev\ZXDev\Lib/XDev.lib                [ Console_014.rel ]
C:\xdev\ZXDev\Lib/XDev.lib                [ Console_028.rel ]
C:\xdev\ZXDev\Lib/z80.lib                 [ __sdcc_call_hl.rel ]
C:\xdev\ZXDev\Lib/Basic.lib               [ Basic_066.rel ]
C:\xdev\ZXDev\Lib/XDev.lib                [ Console_005.rel ]
C:\xdev\ZXDev\Lib/XDev.lib                [ Console_020.rel ]
C:\xdev\ZXDev\Lib/XDev.lib                [ Console_012.rel ]
C:\xdev\ZXDev\Lib/z80.lib                 [ crtenter.rel ]
C:\xdev\ZXDev\Lib/z80.lib                 [ modsigned.rel ]
C:\xdev\ZXDev\Lib/z80.lib                 [ divsigned.rel ]
C:\xdev\ZXDev\Lib/XDev.lib                [ SYSTEM_001.rel ]
C:\xdev\ZXDev\Lib/z80.lib                 [ divunsigned.rel ]
C:\xdev\ZXDev\Lib/XDev.lib                [ Console_019.rel ]

ASxxxx Linker V03.00 + NoICE + sdld,  page 6.

User Base Address Definitions

_CODE = 0xb000
_DATA = 0xc350

