ASxxxx Linker V03.00 + NoICE + sdld,  page 1.
Hexadecimal  [32-Bits]

Area                                    Addr        Size        Decimal Bytes (Attributes)
--------------------------------        ----        ----        ------- ----- ------------
.  .ABS.                            00000000    00000000 =           0. bytes (ABS,CON)

      Value  Global                              Global Defined In Module
      -----  --------------------------------   ------------------------
     00000000  .__.ABS.                           Console_019
     00000000  l__CABS                         
     00000000  l__DABS                         
     00000000  l__GSFINAL                      
     00000000  l__GSINIT                       
     00000000  l__HOME                         
     00000000  l__INITIALIZED                  
     00000000  l__INITIALIZER                  
     00000000  s__CABS                         
     00000000  s__DABS                         
     0000010F  l__DATA                         
     0000190C  l__CODE                         
     00005C8F  _Console_attrib                    Console_001
     000061A8  s__CODE                         
     0000C350  s__DATA                         
     0000C45F  s__GSFINAL                      
     0000C45F  s__GSINIT                       
     0000C45F  s__HOME                         
     0000C45F  s__INITIALIZED                  
     0000C45F  s__INITIALIZER                  

ASxxxx Linker V03.00 + NoICE + sdld,  page 2.
Hexadecimal  [32-Bits]

Area                                    Addr        Size        Decimal Bytes (Attributes)
--------------------------------        ----        ----        ------- ----- ------------
_CODE                               000061A8    0000190C =        6412. bytes (REL,CON)

      Value  Global                              Global Defined In Module
      -----  --------------------------------   ------------------------
     00006779  _main                              e4vm
     000067BD  _e4vm_core_do_nop                  e4vm_core
     000067BE  _e4vm_core_do_list                 e4vm_core
     00006819  _e4vm_core_do_next                 e4vm_core
     000068C6  _e4vm_core_do_exit                 e4vm_core
     00006903  _e4vm_core__init                   e4vm_core
     0000690B  _e4vm_core_ext_quit                e4vm_core_ext
     00006910  _e4vm_core_ext_do_lit              e4vm_core_ext
     00006948  _e4vm_core_ext_get_here_addr       e4vm_core_ext
     00006968  _e4vm_core_ext_comma               e4vm_core_ext
     000069A8  _e4vm_core_ext_branch              e4vm_core_ext
     000069CC  _e4vm_core_ext__init               e4vm_core_ext
     000069D7  _e4vm_utils_init                   e4vm_utils
     00006AE9  _e4vm_utils_vm_stat                e4vm_utils
     00006CC2  _e4vm_utils_true_const             e4vm_utils
     00006CC6  _e4vm_utils_false_const            e4vm_utils
     00006CCA  _e4vm_utils_error                  e4vm_utils
     00006CE9  _e4vm_utils_stack_ds_push          e4vm_utils
     00006D29  _e4vm_utils_stack_rs_push          e4vm_utils
     00006D69  _e4vm_utils_add_op                 e4vm_utils
     00006DA9  _e4vm_utils__init                  e4vm_utils
     00006DB4  _e4vm_stack_drop                   e4vm_stack
     00006DCF  _e4vm_stack_swap                   e4vm_stack
     00006E4B  _e4vm_stack_dup                    e4vm_stack
     00006E92  _e4vm_stack_over                   e4vm_stack
     00006EDA  _e4vm_stack_rot                    e4vm_stack
     00006F8A  _e4vm_stack_nrot                   e4vm_stack
     0000703C  _e4vm_stack__init                  e4vm_stack
     00007042  _e4vm_math_minus                   e4vm_math
     0000708F  _e4vm_math_plus                    e4vm_math
     000070DA  _e4vm_math_multiply                e4vm_math
     0000712D  _e4vm_math_devide                  e4vm_math
     00007180  _e4vm_math_mod                     e4vm_math
     000071D3  _e4vm_math_inc                     e4vm_math
     000071FD  _e4vm_math_dec                     e4vm_math
     00007226  _e4vm_math__init                   e4vm_math
     0000722C  _e4vm_boolean_true                 e4vm_boolean
     00007270  _e4vm_boolean_false                e4vm_boolean
     000072B4  _e4vm_boolean_not                  e4vm_boolean
     0000738D  _e4vm_boolean_invert               e4vm_boolean
     000073B9  _e4vm_boolean_or                   e4vm_boolean
     00007411  _e4vm_boolean_and                  e4vm_boolean
     00007478  _e4vm_boolean_xor                  e4vm_boolean
     000074D2  _e4vm_boolean_eql                  e4vm_boolean
     00007554  _e4vm_boolean_not_eql              e4vm_boolean
     000075D6  _e4vm_boolean_less                 e4vm_boolean
     0000765D  _e4vm_boolean_greater              e4vm_boolean
     000076E2  _e4vm_boolean_less_eql             e4vm_boolean
     00007767  _e4vm_boolean_greater_eql          e4vm_boolean
     000077EE  _e4vm_boolean__init                e4vm_boolean
ASxxxx Linker V03.00 + NoICE + sdld,  page 3.
Hexadecimal  [32-Bits]

Area                                    Addr        Size        Decimal Bytes (Attributes)
--------------------------------        ----        ----        ------- ----- ------------
_CODE                               000061A8    0000190C =        6412. bytes (REL,CON)

      Value  Global                              Global Defined In Module
      -----  --------------------------------   ------------------------
     000077F6  _SYSTEM_MODS                       SYSTEM_017
     00007888  __mulint                           
     0000788E  __mul16                            
     000078A2  _SYSTEM_DIVS                       SYSTEM_014
     00007931  _Console_WriteStr_C_COMPACT        Console_014
     0000793C  _Console_Clear_COMPACT             Console_028
     00007959  ___sdcc_call_hl                    
     0000795A  _Console_WriteCh_COMPACT           Console_005
     00007965  _ATTR_ADR_C                        Console_005
     00007989  _Console_WriteInt_COMPACT          Console_020
     0000799E  _e4vm_type__init                   e4vm_type_001
     000079A4  _Basic_Quit_DI                     Basic_065
     000079AE  _Console_WriteLn_COMPACT           Console_012
     000079BB  _INC_HBYTE_C                       Console_012
     000079CC  ___sdcc_enter_ix                   
     000079D6  __modschar                         
     000079E3  __modsint                          
     000079EF  __divsint                          
     000079F8  __divschar                         
     000079FF  __div8                             
     00007A03  __div_signexte                     
     00007A07  __div16                            
     00007A2D  __get_remainder                    
     00007A37  _SYSTEM_HALT_m1                    SYSTEM_001
     00007A43  __divuint                          
     00007A4B  __divuchar                         
     00007A52  __divu8                            
     00007A55  __divu16                           
     00007A84  _Console_WriteUShort_COMPACT       Console_019

ASxxxx Linker V03.00 + NoICE + sdld,  page 4.
Hexadecimal  [32-Bits]

Area                                    Addr        Size        Decimal Bytes (Attributes)
--------------------------------        ----        ----        ------- ----- ------------
_DATA                               0000C350    0000010F =         271. bytes (REL,CON)

      Value  Global                              Global Defined In Module
      -----  --------------------------------   ------------------------
ASxxxx Linker V03.00 + NoICE + sdld,  page 5.

Files Linked                              [ module(s) ]

C:\xdev\ZXDev\Lib\crt0.rel                [ crt0 ]
e4vm.rel                                  [ e4vm ]
e4vm_core.rel                             [ e4vm_core ]
e4vm_core_ext.rel                         [ e4vm_core_ext ]
e4vm_utils.rel                            [ e4vm_utils ]
e4vm_stack.rel                            [ e4vm_stack ]
e4vm_math.rel                             [ e4vm_math ]
e4vm_boolean.rel                          [ e4vm_boolean ]


Libraries Linked                          [ object file ]

C:\xdev\ZXDev\Lib/XDev.lib                [ SYSTEM_017.rel ]
C:\xdev\ZXDev\Lib/z80.lib                 [ mul.rel ]
C:\xdev\ZXDev\Lib/XDev.lib                [ Console_001.rel ]
C:\xdev\ZXDev\Lib/XDev.lib                [ SYSTEM_014.rel ]
C:\xdev\ZXDev\Lib/XDev.lib                [ Console_014.rel ]
C:\xdev\ZXDev\Lib/XDev.lib                [ Console_028.rel ]
C:\xdev\ZXDev\Lib/z80.lib                 [ __sdcc_call_hl.rel ]
C:\xdev\ZXDev\Lib/XDev.lib                [ Console_005.rel ]
C:\xdev\ZXDev\Lib/XDev.lib                [ Console_020.rel ]
C:\xdev\ZXDev\Lib/e4vm_type.lib           [ e4vm_type_001.rel ]
C:\xdev\ZXDev\Lib/Basic.lib               [ Basic_065.rel ]
C:\xdev\ZXDev\Lib/XDev.lib                [ Console_012.rel ]
C:\xdev\ZXDev\Lib/z80.lib                 [ crtenter.rel ]
C:\xdev\ZXDev\Lib/z80.lib                 [ modsigned.rel ]
C:\xdev\ZXDev\Lib/z80.lib                 [ divsigned.rel ]
C:\xdev\ZXDev\Lib/XDev.lib                [ SYSTEM_001.rel ]
C:\xdev\ZXDev\Lib/z80.lib                 [ divunsigned.rel ]
C:\xdev\ZXDev\Lib/XDev.lib                [ Console_019.rel ]

ASxxxx Linker V03.00 + NoICE + sdld,  page 6.

User Base Address Definitions

_CODE = 0x61a8
_DATA = 0xc350

