ASxxxx Linker V03.00 + NoICE + sdld,  page 1.
Hexadecimal  [32-Bits]

Area                                    Addr        Size        Decimal Bytes (Attributes)
--------------------------------        ----        ----        ------- ----- ------------
.  .ABS.                            00000000    00000000 =           0. bytes (ABS,CON)

      Value  Global                              Global Defined In Module
      -----  --------------------------------   ------------------------
     00000000  .__.ABS.                           Console_019
     00000000  l__CABS                         
     00000000  l__DABS                         
     00000000  l__GSFINAL                      
     00000000  l__GSINIT                       
     00000000  l__HOME                         
     00000000  l__INITIALIZED                  
     00000000  l__INITIALIZER                  
     00000000  s__CABS                         
     00000000  s__DABS                         
     0000014F  l__DATA                         
     00001DC2  l__CODE                         
     00005C8F  _Console_attrib                    Console_001
     000061A8  s__CODE                         
     0000C350  s__DATA                         
     0000C49F  s__GSFINAL                      
     0000C49F  s__GSINIT                       
     0000C49F  s__HOME                         
     0000C49F  s__INITIALIZED                  
     0000C49F  s__INITIALIZER                  

ASxxxx Linker V03.00 + NoICE + sdld,  page 2.
Hexadecimal  [32-Bits]

Area                                    Addr        Size        Decimal Bytes (Attributes)
--------------------------------        ----        ----        ------- ----- ------------
_CODE                               000061A8    00001DC2 =        7618. bytes (REL,CON)

      Value  Global                              Global Defined In Module
      -----  --------------------------------   ------------------------
     00006A44  _main                              e4vm
     00006A9B  _e4vm_core_do_nop                  e4vm_core
     00006A9C  _e4vm_core_do_list                 e4vm_core
     00006AF7  _e4vm_core_do_next                 e4vm_core
     00006BA4  _e4vm_core_do_exit                 e4vm_core
     00006BE1  _e4vm_core__init                   e4vm_core
     00006BE9  _e4vm_core_ext_quit                e4vm_core_ext
     00006BEA  _e4vm_core_ext_do_lit              e4vm_core_ext
     00006C22  _e4vm_core_ext_get_here_addr       e4vm_core_ext
     00006C42  _e4vm_core_ext_comma               e4vm_core_ext
     00006C82  _e4vm_core_ext_branch              e4vm_core_ext
     00006CA6  _e4vm_core_ext_zbranch             e4vm_core_ext
     00006CF7  _e4vm_core_ext_lbrac               e4vm_core_ext
     00006D05  _e4vm_core_ext_rbrac               e4vm_core_ext
     00006D13  _e4vm_core_ext__init               e4vm_core_ext
     00006D1E  _e4vm_utils_init                   e4vm_utils
     00006E30  _e4vm_utils_vm_stat                e4vm_utils
     00007009  _e4vm_utils_true_const             e4vm_utils
     0000700D  _e4vm_utils_false_const            e4vm_utils
     00007011  _e4vm_utils_error                  e4vm_utils
     00007030  _e4vm_utils_stack_ds_push          e4vm_utils
     00007070  _e4vm_utils_stack_rs_push          e4vm_utils
     000070B0  _e4vm_utils_add_op                 e4vm_utils
     000070F0  _e4vm_utils_read_char              e4vm_utils
     000070FB  _e4vm_utils_read_string            e4vm_utils
     00007124  _e4vm_utils__init                  e4vm_utils
     0000712F  _e4vm_stack_drop                   e4vm_stack
     0000714A  _e4vm_stack_swap                   e4vm_stack
     000071C6  _e4vm_stack_dup                    e4vm_stack
     0000720D  _e4vm_stack_over                   e4vm_stack
     00007255  _e4vm_stack_rot                    e4vm_stack
     00007305  _e4vm_stack_nrot                   e4vm_stack
     000073B7  _e4vm_stack__init                  e4vm_stack
     000073BF  _e4vm_math_minus                   e4vm_math
     0000740C  _e4vm_math_plus                    e4vm_math
     00007457  _e4vm_math_multiply                e4vm_math
     000074AA  _e4vm_math_devide                  e4vm_math
     000074FD  _e4vm_math_mod                     e4vm_math
     00007550  _e4vm_math_inc                     e4vm_math
     0000757A  _e4vm_math_dec                     e4vm_math
     000075A3  _e4vm_math__init                   e4vm_math
     000075AB  _e4vm_boolean_true                 e4vm_boolean
     000075EF  _e4vm_boolean_false                e4vm_boolean
     00007633  _e4vm_boolean_not                  e4vm_boolean
     0000770C  _e4vm_boolean_invert               e4vm_boolean
     00007738  _e4vm_boolean_or                   e4vm_boolean
     00007790  _e4vm_boolean_and                  e4vm_boolean
     000077F7  _e4vm_boolean_xor                  e4vm_boolean
     00007851  _e4vm_boolean_eql                  e4vm_boolean
     000078D3  _e4vm_boolean_not_eql              e4vm_boolean
ASxxxx Linker V03.00 + NoICE + sdld,  page 3.
Hexadecimal  [32-Bits]

Area                                    Addr        Size        Decimal Bytes (Attributes)
--------------------------------        ----        ----        ------- ----- ------------
_CODE                               000061A8    00001DC2 =        7618. bytes (REL,CON)

      Value  Global                              Global Defined In Module
      -----  --------------------------------   ------------------------
     00007955  _e4vm_boolean_less                 e4vm_boolean
     000079DC  _e4vm_boolean_greater              e4vm_boolean
     00007A61  _e4vm_boolean_less_eql             e4vm_boolean
     00007AE6  _e4vm_boolean_greater_eql          e4vm_boolean
     00007B6D  _e4vm_boolean__init                e4vm_boolean
     00007B78  _Basic_PAUSE_EI                    Basic_034
     00007B8A  _SYSTEM_MODS                       SYSTEM_017
     00007C1C  __mulint                           
     00007C22  __mul16                            
     00007C36  _SYSTEM_DIVS                       SYSTEM_014
     00007CC5  _Console_WriteStr_C_COMPACT        Console_014
     00007CD0  _Console_Clear_COMPACT             Console_028
     00007CED  ___sdcc_call_hl                    
     00007CEE  _Basic_Quit_IM1                    Basic_066
     00007CF3  _Console_ReadStr_COMPACT           Console_038
     00007DE8  _Console_WriteInt_COMPACT          Console_020
     00007DFD  _Console_WriteCh_COMPACT           Console_005
     00007E08  _ATTR_ADR_C                        Console_005
     00007E2C  _e4vm_type__init                   e4vm_type_001
     00007E32  _Timer_Delay_Ex_fastcall           Timer_002
     00007E3D  _Console_WriteLn_COMPACT           Console_012
     00007E4A  _INC_HBYTE_C                       Console_012
     00007E5B  ___sdcc_enter_ix                   
     00007E65  __modschar                         
     00007E72  __modsint                          
     00007E7E  __divsint                          
     00007E87  __divschar                         
     00007E8E  __div8                             
     00007E92  __div_signexte                     
     00007E96  __div16                            
     00007EBC  __get_remainder                    
     00007EC6  _Input_Read_NoRepeat               Input_003
     00007EDB  _SYSTEM_HALT_m1                    SYSTEM_001
     00007EE7  _Input_Available_NoRepeat          Input_001
     00007EF4  _Console_BackPos_COMPACT           Console_032
     00007EF9  __divuint                          
     00007F01  __divuchar                         
     00007F08  __divu8                            
     00007F0B  __divu16                           
     00007F3A  _Console_WriteUShort_COMPACT       Console_019
ASxxxx Linker V03.00 + NoICE + sdld,  page 4.
Hexadecimal  [32-Bits]

Area                                    Addr        Size        Decimal Bytes (Attributes)
--------------------------------        ----        ----        ------- ----- ------------
_DATA                               0000C350    0000014F =         335. bytes (REL,CON)

      Value  Global                              Global Defined In Module
      -----  --------------------------------   ------------------------
ASxxxx Linker V03.00 + NoICE + sdld,  page 5.

Files Linked                              [ module(s) ]

C:\xdev\ZXDev\Lib\crt0.rel                [ crt0 ]
e4vm.rel                                  [ e4vm ]
e4vm_core.rel                             [ e4vm_core ]
e4vm_core_ext.rel                         [ e4vm_core_ext ]
e4vm_utils.rel                            [ e4vm_utils ]
e4vm_stack.rel                            [ e4vm_stack ]
e4vm_math.rel                             [ e4vm_math ]
e4vm_boolean.rel                          [ e4vm_boolean ]


Libraries Linked                          [ object file ]

C:\xdev\ZXDev\Lib/Basic.lib               [ Basic_034.rel ]
C:\xdev\ZXDev\Lib/XDev.lib                [ SYSTEM_017.rel ]
C:\xdev\ZXDev\Lib/z80.lib                 [ mul.rel ]
C:\xdev\ZXDev\Lib/XDev.lib                [ Console_001.rel ]
C:\xdev\ZXDev\Lib/XDev.lib                [ SYSTEM_014.rel ]
C:\xdev\ZXDev\Lib/XDev.lib                [ Console_014.rel ]
C:\xdev\ZXDev\Lib/XDev.lib                [ Console_028.rel ]
C:\xdev\ZXDev\Lib/z80.lib                 [ __sdcc_call_hl.rel ]
C:\xdev\ZXDev\Lib/Basic.lib               [ Basic_066.rel ]
C:\xdev\ZXDev\Lib/XDev.lib                [ Console_038.rel ]
C:\xdev\ZXDev\Lib/XDev.lib                [ Console_020.rel ]
C:\xdev\ZXDev\Lib/XDev.lib                [ Console_005.rel ]
C:\xdev\ZXDev\Lib/e4vm_type.lib           [ e4vm_type_001.rel ]
C:\xdev\ZXDev\Lib/XDev.lib                [ Timer_002.rel ]
C:\xdev\ZXDev\Lib/XDev.lib                [ Console_012.rel ]
C:\xdev\ZXDev\Lib/z80.lib                 [ crtenter.rel ]
C:\xdev\ZXDev\Lib/z80.lib                 [ modsigned.rel ]
C:\xdev\ZXDev\Lib/z80.lib                 [ divsigned.rel ]
C:\xdev\ZXDev\Lib/XDev.lib                [ Input_003.rel ]
C:\xdev\ZXDev\Lib/XDev.lib                [ SYSTEM_001.rel ]
C:\xdev\ZXDev\Lib/XDev.lib                [ Input_001.rel ]
C:\xdev\ZXDev\Lib/XDev.lib                [ Console_032.rel ]
C:\xdev\ZXDev\Lib/z80.lib                 [ divunsigned.rel ]
C:\xdev\ZXDev\Lib/XDev.lib                [ Console_019.rel ]

ASxxxx Linker V03.00 + NoICE + sdld,  page 6.

User Base Address Definitions

_CODE = 0x61a8
_DATA = 0xc350

