ASxxxx Linker V03.00 + NoICE + sdld,  page 1.
Hexadecimal  [32-Bits]

Area                                    Addr        Size        Decimal Bytes (Attributes)
--------------------------------        ----        ----        ------- ----- ------------
.  .ABS.                            00000000    00000000 =           0. bytes (ABS,CON)

      Value  Global                              Global Defined In Module
      -----  --------------------------------   ------------------------
     00000000  .__.ABS.                           __memcpy
     00000000  l__CABS                         
     00000000  l__DABS                         
     00000000  l__GSFINAL                      
     00000000  l__GSINIT                       
     00000000  l__HOME                         
     00000000  l__INITIALIZED                  
     00000000  l__INITIALIZER                  
     00000000  s__CABS                         
     00000000  s__DABS                         
     0000055D  l__DATA                         
     00002EC9  l__CODE                         
     00005C8F  _Console_attrib                    Console_001
     000061A8  s__CODE                         
     0000C350  s__DATA                         
     0000C8AD  s__GSFINAL                      
     0000C8AD  s__GSINIT                       
     0000C8AD  s__HOME                         
     0000C8AD  s__INITIALIZED                  
     0000C8AD  s__INITIALIZER                  

ASxxxx Linker V03.00 + NoICE + sdld,  page 2.
Hexadecimal  [32-Bits]

Area                                    Addr        Size        Decimal Bytes (Attributes)
--------------------------------        ----        ----        ------- ----- ------------
_CODE                               000061A8    00002EC9 =       11977. bytes (REL,CON)

      Value  Global                              Global Defined In Module
      -----  --------------------------------   ------------------------
     00006530  _main                              e4vm
     00006576  _e4vm_core_do_nop                  e4vm_core
     00006577  _e4vm_core_do_list                 e4vm_core
     000065D2  _e4vm_core_do_next                 e4vm_core
     00006658  _e4vm_core_do_exit                 e4vm_core
     00006695  _e4vm_core_add_core_words          e4vm_core
     00006767  _e4vm_core__init                   e4vm_core
     00006772  _e4vm_core_ext_quit                e4vm_core_ext
     00006773  _e4vm_core_ext_do_lit              e4vm_core_ext
     000067AB  _e4vm_core_ext_get_here_addr       e4vm_core_ext
     000067CB  _e4vm_core_ext_comma               e4vm_core_ext
     0000680B  _e4vm_core_ext_branch              e4vm_core_ext
     0000682F  _e4vm_core_ext_zbranch             e4vm_core_ext
     00006893  _e4vm_core_ext_lbrac               e4vm_core_ext
     000068A1  _e4vm_core_ext_rbrac               e4vm_core_ext
     000068AF  _e4vm_core_ext_immediate           e4vm_core_ext
     000068D9  _e4vm_core_ext_execute_addr        e4vm_core_ext
     0000694A  _e4vm_core_ext_execute             e4vm_core_ext
     0000698A  _e4vm_core_ext_interpreter_word    e4vm_core_ext
     00006B65  _e4vm_core_ext_interpreter         e4vm_core_ext
     00006BAF  _e4vm_core_ext_eval                e4vm_core_ext
     00006C01  _e4vm_core_ext_add_core_words      e4vm_core_ext
     00006E05  _e4vm_core_ext__init               e4vm_core_ext
     00006E13  _e4vm_mem_write_mem                e4vm_mem
     00006E80  _e4vm_mem_read_mem                 e4vm_mem
     00006EBB  _e4vm_mem_variable                 e4vm_mem
     00006EC0  _e4vm_mem_constant                 e4vm_mem
     00006EC5  _e4vm_mem_add_core_words           e4vm_mem
     00006F9C  _e4vm_mem__init                    e4vm_mem
     00006FA7  _e4vm_comment_comment              e4vm_comment
     0000700B  _e4vm_comment_comment_line         e4vm_comment
     0000706F  _e4vm_comment_add_core_words       e4vm_comment
     000070D7  _e4vm_comment__init                e4vm_comment
     000070E2  _e4vm_rw_dot                       e4vm_rw
     0000716E  _e4vm_rw_dot_s                     e4vm_rw
     00007207  _e4vm_rw_cr                        e4vm_rw
     0000720A  _e4vm_rw_bl                        e4vm_rw
     00007212  _e4vm_rw_read_word                 e4vm_rw
     00007213  _e4vm_rw_words_list                e4vm_rw
     00007289  _e4vm_rw_read_string               e4vm_rw
     0000728A  _e4vm_rw_key                       e4vm_rw
     0000728B  _e4vm_rw_add_core_words            e4vm_rw
     00007419  _e4vm_rw__init                     e4vm_rw
     00007424  _e4vm_utils_add_core_word          e4vm_utils
     00007531  _e4vm_utils_look_up_word_address   e4vm_utils
     000075CB  _e4vm_utils_look_up_word_idx_by_   e4vm_utils
     00007656  _e4vm_utils_is_digit               e4vm_utils
     00007670  _e4vm_utils_is_constant            e4vm_utils
     0000769C  _e4vm_utils_str2int                e4vm_utils
     00007736  _e4vm_utils_here_to_wp             e4vm_utils
ASxxxx Linker V03.00 + NoICE + sdld,  page 3.
Hexadecimal  [32-Bits]

Area                                    Addr        Size        Decimal Bytes (Attributes)
--------------------------------        ----        ----        ------- ----- ------------
_CODE                               000061A8    00002EC9 =       11977. bytes (REL,CON)

      Value  Global                              Global Defined In Module
      -----  --------------------------------   ------------------------
     00007756  _e4vm_utils_add_op                 e4vm_utils
     00007796  _e4vm_utils_add_op_from_string     e4vm_utils
     000077C1  _e4vm_utils_init                   e4vm_utils
     000078DA  _e4vm_utils_vm_stat                e4vm_utils
     00007ABC  _e4vm_utils_true_const             e4vm_utils
     00007AC0  _e4vm_utils_false_const            e4vm_utils
     00007AC4  _e4vm_utils_error                  e4vm_utils
     00007AE3  _e4vm_utils_stack_ds_push          e4vm_utils
     00007B23  _e4vm_utils_stack_rs_push          e4vm_utils
     00007B63  _e4vm_utils_keyboard_read_string   e4vm_utils
     00007B9B  _e4vm_utils_read_char              e4vm_utils
     00007BC9  _e4vm_utils_read_word              e4vm_utils
     00007C44  _e4vm_utils__init                  e4vm_utils
     00007C4C  _e4vm_stack_drop                   e4vm_stack
     00007C67  _e4vm_stack_swap                   e4vm_stack
     00007CE3  _e4vm_stack_dup                    e4vm_stack
     00007D2A  _e4vm_stack_over                   e4vm_stack
     00007D72  _e4vm_stack_rot                    e4vm_stack
     00007E22  _e4vm_stack_nrot                   e4vm_stack
     00007ED4  _e4vm_stack_add_core_words         e4vm_stack
     00008007  _e4vm_stack__init                  e4vm_stack
     00008012  _e4vm_math_minus                   e4vm_math
     0000805F  _e4vm_math_plus                    e4vm_math
     000080AA  _e4vm_math_multiply                e4vm_math
     000080FD  _e4vm_math_devide                  e4vm_math
     00008150  _e4vm_math_mod                     e4vm_math
     000081A3  _e4vm_math_inc                     e4vm_math
     000081CD  _e4vm_math_dec                     e4vm_math
     000081F6  _e4vm_math_add_core_words          e4vm_math
     0000834C  _e4vm_math__init                   e4vm_math
     00008357  _e4vm_boolean_true                 e4vm_boolean
     0000839B  _e4vm_boolean_false                e4vm_boolean
     000083DF  _e4vm_boolean_not                  e4vm_boolean
     000084B8  _e4vm_boolean_invert               e4vm_boolean
     000084E4  _e4vm_boolean_or                   e4vm_boolean
     0000853C  _e4vm_boolean_and                  e4vm_boolean
     000085A3  _e4vm_boolean_xor                  e4vm_boolean
     000085FD  _e4vm_boolean_eql                  e4vm_boolean
     0000867F  _e4vm_boolean_not_eql              e4vm_boolean
     00008701  _e4vm_boolean_less                 e4vm_boolean
     00008788  _e4vm_boolean_greater              e4vm_boolean
     0000880D  _e4vm_boolean_less_eql             e4vm_boolean
     00008892  _e4vm_boolean_greater_eql          e4vm_boolean
     00008919  _e4vm_boolean_add_core_words       e4vm_boolean
     00008B9B  _e4vm_boolean__init                e4vm_boolean
     00008BA6  _SYSTEM_STRCMPCC                   SYSTEM_004
     00008BFD  _Basic_PAUSE_EI                    Basic_034
     00008C0F  _SYSTEM_MODS                       SYSTEM_017
     00008CA1  __mulint                           
     00008CA7  __mul16                            
     00008CBB  _SYSTEM_DIVS                       SYSTEM_014
ASxxxx Linker V03.00 + NoICE + sdld,  page 4.
Hexadecimal  [32-Bits]

Area                                    Addr        Size        Decimal Bytes (Attributes)
--------------------------------        ----        ----        ------- ----- ------------
_CODE                               000061A8    00002EC9 =       11977. bytes (REL,CON)

      Value  Global                              Global Defined In Module
      -----  --------------------------------   ------------------------
     00008D4A  _Console_WriteStr_C_COMPACT        Console_014
     00008D55  _Console_Clear_COMPACT             Console_028
     00008D72  ___sdcc_call_hl                    
     00008D73  _Basic_Quit_IM1                    Basic_066
     00008D78  _memcpy                            memcpy
     00008D97  _Console_ReadStr_COMPACT           Console_038
     00008E8C  _Console_WriteCh_COMPACT           Console_005
     00008E97  _ATTR_ADR_C                        Console_005
     00008EBB  _Console_WriteInt_COMPACT          Console_020
     00008ED0  _e4vm_type__init                   e4vm_type_001
     00008ED6  _Timer_Delay_Ex_fastcall           Timer_002
     00008EE1  _Console_WriteLn_COMPACT           Console_012
     00008EEE  _INC_HBYTE_C                       Console_012
     00008EFF  ___sdcc_enter_ix                   
     00008F09  __modschar                         
     00008F16  __modsint                          
     00008F22  __divsint                          
     00008F2B  __divschar                         
     00008F32  __div8                             
     00008F36  __div_signexte                     
     00008F3A  __div16                            
     00008F60  __get_remainder                    
     00008F6A  _Input_Read_NoRepeat               Input_003
     00008F7F  _SYSTEM_HALT_m1                    SYSTEM_001
     00008F8B  _Input_Available_NoRepeat          Input_001
     00008F98  _Console_BackPos_COMPACT           Console_032
     00008F9D  __divuint                          
     00008FA5  __divuchar                         
     00008FAC  __divu8                            
     00008FAF  __divu16                           
     00008FDE  _Console_WriteUShort_COMPACT       Console_019
     0000900E  ___memcpy                          __memcpy

ASxxxx Linker V03.00 + NoICE + sdld,  page 5.
Hexadecimal  [32-Bits]

Area                                    Addr        Size        Decimal Bytes (Attributes)
--------------------------------        ----        ----        ------- ----- ------------
_DATA                               0000C350    0000055D =        1373. bytes (REL,CON)

      Value  Global                              Global Defined In Module
      -----  --------------------------------   ------------------------
ASxxxx Linker V03.00 + NoICE + sdld,  page 6.

Files Linked                              [ module(s) ]

C:\xdev\ZXDev\Lib\crt0.rel                [ crt0 ]
e4vm.rel                                  [ e4vm ]
e4vm_core.rel                             [ e4vm_core ]
e4vm_core_ext.rel                         [ e4vm_core_ext ]
e4vm_mem.rel                              [ e4vm_mem ]
e4vm_comment.rel                          [ e4vm_comment ]
e4vm_rw.rel                               [ e4vm_rw ]
e4vm_utils.rel                            [ e4vm_utils ]
e4vm_stack.rel                            [ e4vm_stack ]
e4vm_math.rel                             [ e4vm_math ]
e4vm_boolean.rel                          [ e4vm_boolean ]


Libraries Linked                          [ object file ]

C:\xdev\ZXDev\Lib/XDev.lib                [ SYSTEM_004.rel ]
C:\xdev\ZXDev\Lib/Basic.lib               [ Basic_034.rel ]
C:\xdev\ZXDev\Lib/XDev.lib                [ SYSTEM_017.rel ]
C:\xdev\ZXDev\Lib/z80.lib                 [ mul.rel ]
C:\xdev\ZXDev\Lib/XDev.lib                [ Console_001.rel ]
C:\xdev\ZXDev\Lib/XDev.lib                [ SYSTEM_014.rel ]
C:\xdev\ZXDev\Lib/XDev.lib                [ Console_014.rel ]
C:\xdev\ZXDev\Lib/XDev.lib                [ Console_028.rel ]
C:\xdev\ZXDev\Lib/z80.lib                 [ __sdcc_call_hl.rel ]
C:\xdev\ZXDev\Lib/Basic.lib               [ Basic_066.rel ]
C:\xdev\ZXDev\Lib/z80.lib                 [ memcpy.rel ]
C:\xdev\ZXDev\Lib/XDev.lib                [ Console_038.rel ]
C:\xdev\ZXDev\Lib/XDev.lib                [ Console_005.rel ]
C:\xdev\ZXDev\Lib/XDev.lib                [ Console_020.rel ]
C:\xdev\ZXDev\Lib/e4vm_type.lib           [ e4vm_type_001.rel ]
C:\xdev\ZXDev\Lib/XDev.lib                [ Timer_002.rel ]
C:\xdev\ZXDev\Lib/XDev.lib                [ Console_012.rel ]
C:\xdev\ZXDev\Lib/z80.lib                 [ crtenter.rel ]
C:\xdev\ZXDev\Lib/z80.lib                 [ modsigned.rel ]
C:\xdev\ZXDev\Lib/z80.lib                 [ divsigned.rel ]
C:\xdev\ZXDev\Lib/XDev.lib                [ Input_003.rel ]
C:\xdev\ZXDev\Lib/XDev.lib                [ SYSTEM_001.rel ]
C:\xdev\ZXDev\Lib/XDev.lib                [ Input_001.rel ]
C:\xdev\ZXDev\Lib/XDev.lib                [ Console_032.rel ]
C:\xdev\ZXDev\Lib/z80.lib                 [ divunsigned.rel ]
C:\xdev\ZXDev\Lib/XDev.lib                [ Console_019.rel ]
C:\xdev\ZXDev\Lib/z80.lib                 [ __memcpy.rel ]

ASxxxx Linker V03.00 + NoICE + sdld,  page 7.

User Base Address Definitions

_CODE = 0x61a8
_DATA = 0xc350

