ASxxxx Linker V03.00 + NoICE + sdld,  page 1.
Hexadecimal  [32-Bits]

Area                                    Addr        Size        Decimal Bytes (Attributes)
--------------------------------        ----        ----        ------- ----- ------------
.  .ABS.                            00000000    00000000 =           0. bytes (ABS,CON)

      Value  Global                              Global Defined In Module
      -----  --------------------------------   ------------------------
     00000000  .__.ABS.                           Console_019
     00000000  l__CABS                         
     00000000  l__DABS                         
     00000000  l__GSFINAL                      
     00000000  l__GSINIT                       
     00000000  l__HOME                         
     00000000  l__INITIALIZED                  
     00000000  l__INITIALIZER                  
     00000000  s__CABS                         
     00000000  s__DABS                         
     0000010F  l__DATA                         
     00000A07  l__CODE                         
     00005C8F  _Console_attrib                    Console_001
     0000B000  s__CODE                         
     0000C350  s__DATA                         
     0000C45F  s__GSFINAL                      
     0000C45F  s__GSINIT                       
     0000C45F  s__HOME                         
     0000C45F  s__INITIALIZED                  
     0000C45F  s__INITIALIZER                  

ASxxxx Linker V03.00 + NoICE + sdld,  page 2.
Hexadecimal  [32-Bits]

Area                                    Addr        Size        Decimal Bytes (Attributes)
--------------------------------        ----        ----        ------- ----- ------------
_CODE                               0000B000    00000A07 =        2567. bytes (REL,CON)

      Value  Global                              Global Defined In Module
      -----  --------------------------------   ------------------------
     0000B263  _main                              e4vm
     0000B294  _e4vm_core_nop                     e4vm_core
     0000B2A1  _e4vm_core_do_nop                  e4vm_core
     0000B2AE  _e4vm_core_do_list                 e4vm_core
     0000B31A  _e4vm_core_do_next                 e4vm_core
     0000B3D8  _e4vm_core_do_exit                 e4vm_core
     0000B426  _e4vm_core__init                   e4vm_core
     0000B42C  _e4vm_utils_init                   e4vm_utils
     0000B512  _e4vm_utils_vm_stat                e4vm_utils
     0000B668  _e4vm_utils__init                  e4vm_utils
     0000B670  _e4vm_stack_drop                   e4vm_stack
     0000B699  _e4vm_stack_swap                   e4vm_stack
     0000B71E  _e4vm_stack_dup                    e4vm_stack
     0000B772  _e4vm_stack_over                   e4vm_stack
     0000B7C8  _e4vm_stack_rot                    e4vm_stack
     0000B875  _e4vm_stack_nrot                   e4vm_stack
     0000B925  _e4vm_stack__init                  e4vm_stack
     0000B92B  _Basic_PAUSE_EI                    Basic_034
     0000B93D  _Console_WriteStr_C_COMPACT        Console_014
     0000B948  _Console_Clear_COMPACT             Console_028
     0000B965  ___sdcc_call_hl                    
     0000B966  _Basic_Quit_IM1                    Basic_066
     0000B96B  _Console_WriteCh_COMPACT           Console_005
     0000B976  _ATTR_ADR_C                        Console_005
     0000B99A  _Console_WriteInt_COMPACT          Console_020
     0000B9AF  _Console_WriteLn_COMPACT           Console_012
     0000B9BC  _INC_HBYTE_C                       Console_012
     0000B9CD  ___sdcc_enter_ix                   
     0000B9D7  _Console_WriteUShort_COMPACT       Console_019

ASxxxx Linker V03.00 + NoICE + sdld,  page 3.
Hexadecimal  [32-Bits]

Area                                    Addr        Size        Decimal Bytes (Attributes)
--------------------------------        ----        ----        ------- ----- ------------
_DATA                               0000C350    0000010F =         271. bytes (REL,CON)

      Value  Global                              Global Defined In Module
      -----  --------------------------------   ------------------------
ASxxxx Linker V03.00 + NoICE + sdld,  page 4.

Files Linked                              [ module(s) ]

C:\xdev\ZXDev\Lib\crt0.rel                [ crt0 ]
e4vm.rel                                  [ e4vm ]
e4vm_core.rel                             [ e4vm_core ]
e4vm_utils.rel                            [ e4vm_utils ]
e4vm_stack.rel                            [ e4vm_stack ]


Libraries Linked                          [ object file ]

C:\xdev\ZXDev\Lib/Basic.lib               [ Basic_034.rel ]
C:\xdev\ZXDev\Lib/XDev.lib                [ Console_001.rel ]
C:\xdev\ZXDev\Lib/XDev.lib                [ Console_014.rel ]
C:\xdev\ZXDev\Lib/XDev.lib                [ Console_028.rel ]
C:\xdev\ZXDev\Lib/z80.lib                 [ __sdcc_call_hl.rel ]
C:\xdev\ZXDev\Lib/Basic.lib               [ Basic_066.rel ]
C:\xdev\ZXDev\Lib/XDev.lib                [ Console_005.rel ]
C:\xdev\ZXDev\Lib/XDev.lib                [ Console_020.rel ]
C:\xdev\ZXDev\Lib/XDev.lib                [ Console_012.rel ]
C:\xdev\ZXDev\Lib/z80.lib                 [ crtenter.rel ]
C:\xdev\ZXDev\Lib/XDev.lib                [ Console_019.rel ]

ASxxxx Linker V03.00 + NoICE + sdld,  page 5.

User Base Address Definitions

_CODE = 0xb000
_DATA = 0xc350

