ASxxxx Linker V03.00 + NoICE + sdld,  page 1.
Hexadecimal  [32-Bits]

Area                                    Addr        Size        Decimal Bytes (Attributes)
--------------------------------        ----        ----        ------- ----- ------------
.  .ABS.                            00000000    00000000 =           0. bytes (ABS,CON)

      Value  Global                              Global Defined In Module
      -----  --------------------------------   ------------------------
     00000000  .__.ABS.                           Console_019
     00000000  l__CABS                         
     00000000  l__DABS                         
     00000000  l__GSFINAL                      
     00000000  l__GSINIT                       
     00000000  l__HOME                         
     00000000  l__INITIALIZED                  
     00000000  l__INITIALIZER                  
     00000000  s__CABS                         
     00000000  s__DABS                         
     0000010F  l__DATA                         
     00001BB6  l__CODE                         
     00005C8F  _Console_attrib                    Console_001
     000061A8  s__CODE                         
     0000C350  s__DATA                         
     0000C45F  s__GSFINAL                      
     0000C45F  s__GSINIT                       
     0000C45F  s__HOME                         
     0000C45F  s__INITIALIZED                  
     0000C45F  s__INITIALIZER                  

ASxxxx Linker V03.00 + NoICE + sdld,  page 2.
Hexadecimal  [32-Bits]

Area                                    Addr        Size        Decimal Bytes (Attributes)
--------------------------------        ----        ----        ------- ----- ------------
_CODE                               000061A8    00001BB6 =        7094. bytes (REL,CON)

      Value  Global                              Global Defined In Module
      -----  --------------------------------   ------------------------
     000069B3  _main                              e4vm
     000069FE  _e4vm_core_do_nop                  e4vm_core
     000069FF  _e4vm_core_do_list                 e4vm_core
     00006A5A  _e4vm_core_do_next                 e4vm_core
     00006B07  _e4vm_core_do_exit                 e4vm_core
     00006B44  _e4vm_core__init                   e4vm_core
     00006B4C  _e4vm_core_ext_quit                e4vm_core_ext
     00006B51  _e4vm_core_ext_do_lit              e4vm_core_ext
     00006B89  _e4vm_core_ext_get_here_addr       e4vm_core_ext
     00006BA9  _e4vm_core_ext_comma               e4vm_core_ext
     00006BE9  _e4vm_core_ext_branch              e4vm_core_ext
     00006C0D  _e4vm_core_ext_zbranch             e4vm_core_ext
     00006C76  _e4vm_core_ext__init               e4vm_core_ext
     00006C81  _e4vm_utils_init                   e4vm_utils
     00006D93  _e4vm_utils_vm_stat                e4vm_utils
     00006F6C  _e4vm_utils_true_const             e4vm_utils
     00006F70  _e4vm_utils_false_const            e4vm_utils
     00006F74  _e4vm_utils_error                  e4vm_utils
     00006F93  _e4vm_utils_stack_ds_push          e4vm_utils
     00006FD3  _e4vm_utils_stack_rs_push          e4vm_utils
     00007013  _e4vm_utils_add_op                 e4vm_utils
     00007053  _e4vm_utils__init                  e4vm_utils
     0000705E  _e4vm_stack_drop                   e4vm_stack
     00007079  _e4vm_stack_swap                   e4vm_stack
     000070F5  _e4vm_stack_dup                    e4vm_stack
     0000713C  _e4vm_stack_over                   e4vm_stack
     00007184  _e4vm_stack_rot                    e4vm_stack
     00007234  _e4vm_stack_nrot                   e4vm_stack
     000072E6  _e4vm_stack__init                  e4vm_stack
     000072EC  _e4vm_math_minus                   e4vm_math
     00007339  _e4vm_math_plus                    e4vm_math
     00007384  _e4vm_math_multiply                e4vm_math
     000073D7  _e4vm_math_devide                  e4vm_math
     0000742A  _e4vm_math_mod                     e4vm_math
     0000747D  _e4vm_math_inc                     e4vm_math
     000074A7  _e4vm_math_dec                     e4vm_math
     000074D0  _e4vm_math__init                   e4vm_math
     000074D6  _e4vm_boolean_true                 e4vm_boolean
     0000751A  _e4vm_boolean_false                e4vm_boolean
     0000755E  _e4vm_boolean_not                  e4vm_boolean
     00007637  _e4vm_boolean_invert               e4vm_boolean
     00007663  _e4vm_boolean_or                   e4vm_boolean
     000076BB  _e4vm_boolean_and                  e4vm_boolean
     00007722  _e4vm_boolean_xor                  e4vm_boolean
     0000777C  _e4vm_boolean_eql                  e4vm_boolean
     000077FE  _e4vm_boolean_not_eql              e4vm_boolean
     00007880  _e4vm_boolean_less                 e4vm_boolean
     00007907  _e4vm_boolean_greater              e4vm_boolean
     0000798C  _e4vm_boolean_less_eql             e4vm_boolean
     00007A11  _e4vm_boolean_greater_eql          e4vm_boolean
ASxxxx Linker V03.00 + NoICE + sdld,  page 3.
Hexadecimal  [32-Bits]

Area                                    Addr        Size        Decimal Bytes (Attributes)
--------------------------------        ----        ----        ------- ----- ------------
_CODE                               000061A8    00001BB6 =        7094. bytes (REL,CON)

      Value  Global                              Global Defined In Module
      -----  --------------------------------   ------------------------
     00007A98  _e4vm_boolean__init                e4vm_boolean
     00007AA0  _SYSTEM_MODS                       SYSTEM_017
     00007B32  __mulint                           
     00007B38  __mul16                            
     00007B4C  _SYSTEM_DIVS                       SYSTEM_014
     00007BDB  _Console_WriteStr_C_COMPACT        Console_014
     00007BE6  _Console_Clear_COMPACT             Console_028
     00007C03  ___sdcc_call_hl                    
     00007C04  _Console_WriteCh_COMPACT           Console_005
     00007C0F  _ATTR_ADR_C                        Console_005
     00007C33  _Console_WriteInt_COMPACT          Console_020
     00007C48  _e4vm_type__init                   e4vm_type_001
     00007C4E  _Basic_Quit_DI                     Basic_065
     00007C58  _Console_WriteLn_COMPACT           Console_012
     00007C65  _INC_HBYTE_C                       Console_012
     00007C76  ___sdcc_enter_ix                   
     00007C80  __modschar                         
     00007C8D  __modsint                          
     00007C99  __divsint                          
     00007CA2  __divschar                         
     00007CA9  __div8                             
     00007CAD  __div_signexte                     
     00007CB1  __div16                            
     00007CD7  __get_remainder                    
     00007CE1  _SYSTEM_HALT_m1                    SYSTEM_001
     00007CED  __divuint                          
     00007CF5  __divuchar                         
     00007CFC  __divu8                            
     00007CFF  __divu16                           
     00007D2E  _Console_WriteUShort_COMPACT       Console_019

ASxxxx Linker V03.00 + NoICE + sdld,  page 4.
Hexadecimal  [32-Bits]

Area                                    Addr        Size        Decimal Bytes (Attributes)
--------------------------------        ----        ----        ------- ----- ------------
_DATA                               0000C350    0000010F =         271. bytes (REL,CON)

      Value  Global                              Global Defined In Module
      -----  --------------------------------   ------------------------
ASxxxx Linker V03.00 + NoICE + sdld,  page 5.

Files Linked                              [ module(s) ]

C:\xdev\ZXDev\Lib\crt0.rel                [ crt0 ]
e4vm.rel                                  [ e4vm ]
e4vm_core.rel                             [ e4vm_core ]
e4vm_core_ext.rel                         [ e4vm_core_ext ]
e4vm_utils.rel                            [ e4vm_utils ]
e4vm_stack.rel                            [ e4vm_stack ]
e4vm_math.rel                             [ e4vm_math ]
e4vm_boolean.rel                          [ e4vm_boolean ]


Libraries Linked                          [ object file ]

C:\xdev\ZXDev\Lib/XDev.lib                [ SYSTEM_017.rel ]
C:\xdev\ZXDev\Lib/z80.lib                 [ mul.rel ]
C:\xdev\ZXDev\Lib/XDev.lib                [ Console_001.rel ]
C:\xdev\ZXDev\Lib/XDev.lib                [ SYSTEM_014.rel ]
C:\xdev\ZXDev\Lib/XDev.lib                [ Console_014.rel ]
C:\xdev\ZXDev\Lib/XDev.lib                [ Console_028.rel ]
C:\xdev\ZXDev\Lib/z80.lib                 [ __sdcc_call_hl.rel ]
C:\xdev\ZXDev\Lib/XDev.lib                [ Console_005.rel ]
C:\xdev\ZXDev\Lib/XDev.lib                [ Console_020.rel ]
C:\xdev\ZXDev\Lib/e4vm_type.lib           [ e4vm_type_001.rel ]
C:\xdev\ZXDev\Lib/Basic.lib               [ Basic_065.rel ]
C:\xdev\ZXDev\Lib/XDev.lib                [ Console_012.rel ]
C:\xdev\ZXDev\Lib/z80.lib                 [ crtenter.rel ]
C:\xdev\ZXDev\Lib/z80.lib                 [ modsigned.rel ]
C:\xdev\ZXDev\Lib/z80.lib                 [ divsigned.rel ]
C:\xdev\ZXDev\Lib/XDev.lib                [ SYSTEM_001.rel ]
C:\xdev\ZXDev\Lib/z80.lib                 [ divunsigned.rel ]
C:\xdev\ZXDev\Lib/XDev.lib                [ Console_019.rel ]

ASxxxx Linker V03.00 + NoICE + sdld,  page 6.

User Base Address Definitions

_CODE = 0x61a8
_DATA = 0xc350

