ASxxxx Linker V03.00 + NoICE + sdld,  page 1.
Hexadecimal  [32-Bits]

Area                                    Addr        Size        Decimal Bytes (Attributes)
--------------------------------        ----        ----        ------- ----- ------------
.  .ABS.                            00000000    00000000 =           0. bytes (ABS,CON)

      Value  Global                              Global Defined In Module
      -----  --------------------------------   ------------------------
     00000000  .__.ABS.                           Console_019
     00000000  _main                           
     00000000  l__CABS                         
     00000000  l__DABS                         
     00000000  l__DATA                         
     00000000  l__GSFINAL                      
     00000000  l__GSINIT                       
     00000000  l__HOME                         
     00000000  l__INITIALIZED                  
     00000000  l__INITIALIZER                  
     00000000  s__CABS                         
     00000000  s__DABS                         
     000011CA  l__CODE                         
     0000B000  s__CODE                         
     0000C350  s__DATA                         
     0000C350  s__GSFINAL                      
     0000C350  s__GSINIT                       
     0000C350  s__HOME                         
     0000C350  s__INITIALIZED                  
     0000C350  s__INITIALIZER                  

ASxxxx Linker V03.00 + NoICE + sdld,  page 2.
Hexadecimal  [32-Bits]

Area                                    Addr        Size        Decimal Bytes (Attributes)
--------------------------------        ----        ----        ------- ----- ------------
_CODE                               0000B000    000011CA =        4554. bytes (REL,CON)

      Value  Global                              Global Defined In Module
      -----  --------------------------------   ------------------------
     0000B003  _e4vm_type__init                   e4vm_type
     0000B009  _e4vm_core_do_nop                  e4vm_core
     0000B00A  _e4vm_core_do_list                 e4vm_core
     0000B065  _e4vm_core_do_next                 e4vm_core
     0000B112  _e4vm_core_do_exit                 e4vm_core
     0000B14F  _e4vm_core__init                   e4vm_core
     0000B155  _e4vm_core_ext_quit                e4vm_core_ext
     0000B15A  _e4vm_core_ext_do_lit              e4vm_core_ext
     0000B192  _e4vm_core_ext_get_here_addr       e4vm_core_ext
     0000B1B2  _e4vm_core_ext_comma               e4vm_core_ext
     0000B1F2  _e4vm_core_ext_branch              e4vm_core_ext
     0000B226  _e4vm_core_ext__init               e4vm_core_ext
     0000B22E  _e4vm_utils_init                   e4vm_utils
     0000B314  _e4vm_utils_vm_stat                e4vm_utils
     0000B3F4  _e4vm_utils_true_const             e4vm_utils
     0000B3FD  _e4vm_utils_false_const            e4vm_utils
     0000B406  _e4vm_utils_error                  e4vm_utils
     0000B42C  _e4vm_utils_stack_ds_push          e4vm_utils
     0000B46D  _e4vm_utils_stack_rs_push          e4vm_utils
     0000B4AE  _e4vm_utils_add_op                 e4vm_utils
     0000B4EF  _e4vm_utils__init                  e4vm_utils
     0000B4F7  _e4vm_stack_drop                   e4vm_stack
     0000B512  _e4vm_stack_swap                   e4vm_stack
     0000B58E  _e4vm_stack_dup                    e4vm_stack
     0000B5D5  _e4vm_stack_over                   e4vm_stack
     0000B61D  _e4vm_stack_rot                    e4vm_stack
     0000B6CD  _e4vm_stack_nrot                   e4vm_stack
     0000B77F  _e4vm_stack__init                  e4vm_stack
     0000B785  _e4vm_math_minus                   e4vm_math
     0000B7D2  _e4vm_math_plus                    e4vm_math
     0000B81D  _e4vm_math_multiply                e4vm_math
     0000B870  _e4vm_math_devide                  e4vm_math
     0000B8C3  _e4vm_math_mod                     e4vm_math
     0000B916  _e4vm_math_inc                     e4vm_math
     0000B940  _e4vm_math_dec                     e4vm_math
     0000B969  _e4vm_math__init                   e4vm_math
     0000B96F  _e4vm_boolean_true                 e4vm_boolean
     0000B9B3  _e4vm_boolean_false                e4vm_boolean
     0000B9F7  _e4vm_boolean_not                  e4vm_boolean
     0000BAD0  _e4vm_boolean_invert               e4vm_boolean
     0000BAFC  _e4vm_boolean_or                   e4vm_boolean
     0000BB54  _e4vm_boolean_and                  e4vm_boolean
     0000BBBB  _e4vm_boolean_xor                  e4vm_boolean
     0000BC15  _e4vm_boolean_eql                  e4vm_boolean
     0000BC97  _e4vm_boolean_not_eql              e4vm_boolean
     0000BD19  _e4vm_boolean_less                 e4vm_boolean
     0000BDA0  _e4vm_boolean_greater              e4vm_boolean
     0000BE25  _e4vm_boolean_less_eql             e4vm_boolean
     0000BEAA  _e4vm_boolean_greater_eql          e4vm_boolean
     0000BF31  _e4vm_boolean__init                e4vm_boolean
ASxxxx Linker V03.00 + NoICE + sdld,  page 3.
Hexadecimal  [32-Bits]

Area                                    Addr        Size        Decimal Bytes (Attributes)
--------------------------------        ----        ----        ------- ----- ------------
_CODE                               0000B000    000011CA =        4554. bytes (REL,CON)

      Value  Global                              Global Defined In Module
      -----  --------------------------------   ------------------------
     0000BF39  _SYSTEM_MODS                       SYSTEM_017
     0000BFCB  __mulint                           
     0000BFD1  __mul16                            
     0000BFE5  _SYSTEM_DIVS                       SYSTEM_014
     0000C074  _Console_WriteStr_C_COMPACT        Console_014
     0000C07F  ___sdcc_call_hl                    
     0000C080  _Console_WriteCh_COMPACT           Console_005
     0000C08B  _ATTR_ADR_C                        Console_005
     0000C0AF  _Console_WriteInt_COMPACT          Console_020
     0000C0C4  _Console_WriteLn_COMPACT           Console_012
     0000C0D1  _INC_HBYTE_C                       Console_012
     0000C0E2  ___sdcc_enter_ix                   
     0000C0EC  __modschar                         
     0000C0F9  __modsint                          
     0000C105  __divsint                          
     0000C10E  __divschar                         
     0000C115  __div8                             
     0000C119  __div_signexte                     
     0000C11D  __div16                            
     0000C143  __get_remainder                    
     0000C14D  _SYSTEM_HALT_m1                    SYSTEM_001
     0000C159  __divuint                          
     0000C161  __divuchar                         
     0000C168  __divu8                            
     0000C16B  __divu16                           
     0000C19A  _Console_WriteUShort_COMPACT       Console_019

ASxxxx Linker V03.00 + NoICE + sdld,  page 4.

Files Linked                              [ module(s) ]

C:\xdev\ZXDev\Lib\crt0.rel                [ crt0 ]
e4vm_type.rel                             [ e4vm_type ]
e4vm_core.rel                             [ e4vm_core ]
e4vm_core_ext.rel                         [ e4vm_core_ext ]
e4vm_utils.rel                            [ e4vm_utils ]
e4vm_stack.rel                            [ e4vm_stack ]
e4vm_math.rel                             [ e4vm_math ]
e4vm_boolean.rel                          [ e4vm_boolean ]


Libraries Linked                          [ object file ]

C:\xdev\ZXDev\Lib/XDev.lib                [ SYSTEM_017.rel ]
C:\xdev\ZXDev\Lib/z80.lib                 [ mul.rel ]
C:\xdev\ZXDev\Lib/XDev.lib                [ SYSTEM_014.rel ]
C:\xdev\ZXDev\Lib/XDev.lib                [ Console_014.rel ]
C:\xdev\ZXDev\Lib/z80.lib                 [ __sdcc_call_hl.rel ]
C:\xdev\ZXDev\Lib/XDev.lib                [ Console_005.rel ]
C:\xdev\ZXDev\Lib/XDev.lib                [ Console_020.rel ]
C:\xdev\ZXDev\Lib/XDev.lib                [ Console_012.rel ]
C:\xdev\ZXDev\Lib/z80.lib                 [ crtenter.rel ]
C:\xdev\ZXDev\Lib/z80.lib                 [ modsigned.rel ]
C:\xdev\ZXDev\Lib/z80.lib                 [ divsigned.rel ]
C:\xdev\ZXDev\Lib/XDev.lib                [ SYSTEM_001.rel ]
C:\xdev\ZXDev\Lib/z80.lib                 [ divunsigned.rel ]
C:\xdev\ZXDev\Lib/XDev.lib                [ Console_019.rel ]

ASxxxx Linker V03.00 + NoICE + sdld,  page 5.

User Base Address Definitions

_CODE = 0xb000
_DATA = 0xc350


?ASlink-Warning-Undefined Global '_main' referenced by module 'crt0'
