ASxxxx Linker V03.00 + NoICE + sdld,  page 1.
Hexadecimal  [32-Bits]

Area                                    Addr        Size        Decimal Bytes (Attributes)
--------------------------------        ----        ----        ------- ----- ------------
.  .ABS.                            00000000    00000000 =           0. bytes (ABS,CON)

      Value  Global                              Global Defined In Module
      -----  --------------------------------   ------------------------
     00000000  .__.ABS.                           Console_019
     00000000  l__CABS                         
     00000000  l__DABS                         
     00000000  l__GSFINAL                      
     00000000  l__GSINIT                       
     00000000  l__HOME                         
     00000000  l__INITIALIZED                  
     00000000  l__INITIALIZER                  
     00000000  s__CABS                         
     00000000  s__DABS                         
     0000010F  l__DATA                         
     0000136C  l__CODE                         
     00005C8F  _Console_attrib                    Console_001
     0000B000  s__CODE                         
     0000C350  s__DATA                         
     0000C45F  s__GSFINAL                      
     0000C45F  s__GSINIT                       
     0000C45F  s__HOME                         
     0000C45F  s__INITIALIZED                  
     0000C45F  s__INITIALIZER                  

ASxxxx Linker V03.00 + NoICE + sdld,  page 2.
Hexadecimal  [32-Bits]

Area                                    Addr        Size        Decimal Bytes (Attributes)
--------------------------------        ----        ----        ------- ----- ------------
_CODE                               0000B000    0000136C =        4972. bytes (REL,CON)

      Value  Global                              Global Defined In Module
      -----  --------------------------------   ------------------------
     0000B17A  _main                              e4vm
     0000B1AB  _e4vm_core_do_nop                  e4vm_core
     0000B1AC  _e4vm_core_do_list                 e4vm_core
     0000B207  _e4vm_core_do_next                 e4vm_core
     0000B2B4  _e4vm_core_do_exit                 e4vm_core
     0000B2F1  _e4vm_core__init                   e4vm_core
     0000B2F7  _e4vm_core_ext_quit                e4vm_core_ext
     0000B2FC  _e4vm_core_ext_do_lit              e4vm_core_ext
     0000B334  _e4vm_core_ext_get_here_addr       e4vm_core_ext
     0000B354  _e4vm_core_ext_comma               e4vm_core_ext
     0000B394  _e4vm_core_ext__init               e4vm_core_ext
     0000B39C  _e4vm_utils_init                   e4vm_utils
     0000B482  _e4vm_utils_vm_stat                e4vm_utils
     0000B562  _e4vm_utils_true_const             e4vm_utils
     0000B56B  _e4vm_utils_false_const            e4vm_utils
     0000B574  _e4vm_utils_error                  e4vm_utils
     0000B59A  _e4vm_utils_stack_ds_push          e4vm_utils
     0000B5DB  _e4vm_utils_stack_rs_push          e4vm_utils
     0000B61C  _e4vm_utils_add_op                 e4vm_utils
     0000B65D  _e4vm_utils__init                  e4vm_utils
     0000B665  _e4vm_stack_drop                   e4vm_stack
     0000B680  _e4vm_stack_swap                   e4vm_stack
     0000B6FC  _e4vm_stack_dup                    e4vm_stack
     0000B743  _e4vm_stack_over                   e4vm_stack
     0000B78B  _e4vm_stack_rot                    e4vm_stack
     0000B83B  _e4vm_stack_nrot                   e4vm_stack
     0000B8ED  _e4vm_stack__init                  e4vm_stack
     0000B8F3  _e4vm_math_minus                   e4vm_math
     0000B940  _e4vm_math_plus                    e4vm_math
     0000B98B  _e4vm_math_multiply                e4vm_math
     0000B9DE  _e4vm_math_devide                  e4vm_math
     0000BA31  _e4vm_math_mod                     e4vm_math
     0000BA84  _e4vm_math_inc                     e4vm_math
     0000BAAE  _e4vm_math_dec                     e4vm_math
     0000BAD7  _e4vm_math__init                   e4vm_math
     0000BADD  _e4vm_boolean_true                 e4vm_boolean
     0000BB21  _e4vm_boolean_false                e4vm_boolean
     0000BB65  _e4vm_boolean_not                  e4vm_boolean
     0000BC3E  _e4vm_boolean_invert               e4vm_boolean
     0000BC6A  _e4vm_boolean_or                   e4vm_boolean
     0000BCC2  _e4vm_boolean_and                  e4vm_boolean
     0000BD29  _e4vm_boolean_xor                  e4vm_boolean
     0000BD83  _e4vm_boolean_eql                  e4vm_boolean
     0000BE05  _e4vm_boolean_not_eql              e4vm_boolean
     0000BE87  _e4vm_boolean_less                 e4vm_boolean
     0000BF0E  _e4vm_boolean_greater              e4vm_boolean
     0000BF93  _e4vm_boolean_less_eql             e4vm_boolean
     0000C018  _e4vm_boolean_greater_eql          e4vm_boolean
     0000C09F  _e4vm_boolean__init                e4vm_boolean
     0000C0A7  _Basic_PAUSE_EI                    Basic_034
ASxxxx Linker V03.00 + NoICE + sdld,  page 3.
Hexadecimal  [32-Bits]

Area                                    Addr        Size        Decimal Bytes (Attributes)
--------------------------------        ----        ----        ------- ----- ------------
_CODE                               0000B000    0000136C =        4972. bytes (REL,CON)

      Value  Global                              Global Defined In Module
      -----  --------------------------------   ------------------------
     0000C0B9  _SYSTEM_MODS                       SYSTEM_017
     0000C14B  __mulint                           
     0000C151  __mul16                            
     0000C165  _SYSTEM_DIVS                       SYSTEM_014
     0000C1F4  _Console_WriteStr_C_COMPACT        Console_014
     0000C1FF  _Console_Clear_COMPACT             Console_028
     0000C21C  ___sdcc_call_hl                    
     0000C21D  _Basic_Quit_IM1                    Basic_066
     0000C222  _Console_WriteCh_COMPACT           Console_005
     0000C22D  _ATTR_ADR_C                        Console_005
     0000C251  _Console_WriteInt_COMPACT          Console_020
     0000C266  _Console_WriteLn_COMPACT           Console_012
     0000C273  _INC_HBYTE_C                       Console_012
     0000C284  ___sdcc_enter_ix                   
     0000C28E  __modschar                         
     0000C29B  __modsint                          
     0000C2A7  __divsint                          
     0000C2B0  __divschar                         
     0000C2B7  __div8                             
     0000C2BB  __div_signexte                     
     0000C2BF  __div16                            
     0000C2E5  __get_remainder                    
     0000C2EF  _SYSTEM_HALT_m1                    SYSTEM_001
     0000C2FB  __divuint                          
     0000C303  __divuchar                         
     0000C30A  __divu8                            
     0000C30D  __divu16                           
     0000C33C  _Console_WriteUShort_COMPACT       Console_019
ASxxxx Linker V03.00 + NoICE + sdld,  page 4.
Hexadecimal  [32-Bits]

Area                                    Addr        Size        Decimal Bytes (Attributes)
--------------------------------        ----        ----        ------- ----- ------------
_DATA                               0000C350    0000010F =         271. bytes (REL,CON)

      Value  Global                              Global Defined In Module
      -----  --------------------------------   ------------------------
ASxxxx Linker V03.00 + NoICE + sdld,  page 5.

Files Linked                              [ module(s) ]

C:\xdev\ZXDev\Lib\crt0.rel                [ crt0 ]
e4vm.rel                                  [ e4vm ]
e4vm_core.rel                             [ e4vm_core ]
e4vm_core_ext.rel                         [ e4vm_core_ext ]
e4vm_utils.rel                            [ e4vm_utils ]
e4vm_stack.rel                            [ e4vm_stack ]
e4vm_math.rel                             [ e4vm_math ]
e4vm_boolean.rel                          [ e4vm_boolean ]


Libraries Linked                          [ object file ]

C:\xdev\ZXDev\Lib/Basic.lib               [ Basic_034.rel ]
C:\xdev\ZXDev\Lib/XDev.lib                [ SYSTEM_017.rel ]
C:\xdev\ZXDev\Lib/z80.lib                 [ mul.rel ]
C:\xdev\ZXDev\Lib/XDev.lib                [ Console_001.rel ]
C:\xdev\ZXDev\Lib/XDev.lib                [ SYSTEM_014.rel ]
C:\xdev\ZXDev\Lib/XDev.lib                [ Console_014.rel ]
C:\xdev\ZXDev\Lib/XDev.lib                [ Console_028.rel ]
C:\xdev\ZXDev\Lib/z80.lib                 [ __sdcc_call_hl.rel ]
C:\xdev\ZXDev\Lib/Basic.lib               [ Basic_066.rel ]
C:\xdev\ZXDev\Lib/XDev.lib                [ Console_005.rel ]
C:\xdev\ZXDev\Lib/XDev.lib                [ Console_020.rel ]
C:\xdev\ZXDev\Lib/XDev.lib                [ Console_012.rel ]
C:\xdev\ZXDev\Lib/z80.lib                 [ crtenter.rel ]
C:\xdev\ZXDev\Lib/z80.lib                 [ modsigned.rel ]
C:\xdev\ZXDev\Lib/z80.lib                 [ divsigned.rel ]
C:\xdev\ZXDev\Lib/XDev.lib                [ SYSTEM_001.rel ]
C:\xdev\ZXDev\Lib/z80.lib                 [ divunsigned.rel ]
C:\xdev\ZXDev\Lib/XDev.lib                [ Console_019.rel ]

ASxxxx Linker V03.00 + NoICE + sdld,  page 6.

User Base Address Definitions

_CODE = 0xb000
_DATA = 0xc350

