ASxxxx Linker V03.00 + NoICE + sdld,  page 1.
Hexadecimal  [32-Bits]

Area                                    Addr        Size        Decimal Bytes (Attributes)
--------------------------------        ----        ----        ------- ----- ------------
.  .ABS.                            00000000    00000000 =           0. bytes (ABS,CON)

      Value  Global                              Global Defined In Module
      -----  --------------------------------   ------------------------
     00000000  .__.ABS.                           __memcpy
     00000000  l__CABS                         
     00000000  l__DABS                         
     00000000  l__GSFINAL                      
     00000000  l__GSINIT                       
     00000000  l__HOME                         
     00000000  l__INITIALIZED                  
     00000000  l__INITIALIZER                  
     00000000  s__CABS                         
     00000000  s__DABS                         
     000002D1  l__DATA                         
     000041E6  l__CODE                         
     00005C8F  _Console_attrib                    Console_001
     000061A8  s__CODE                         
     0000C350  s__DATA                         
     0000C621  s__GSFINAL                      
     0000C621  s__GSINIT                       
     0000C621  s__HOME                         
     0000C621  s__INITIALIZED                  
     0000C621  s__INITIALIZER                  

ASxxxx Linker V03.00 + NoICE + sdld,  page 2.
Hexadecimal  [32-Bits]

Area                                    Addr        Size        Decimal Bytes (Attributes)
--------------------------------        ----        ----        ------- ----- ------------
_CODE                               000061A8    000041E6 =       16870. bytes (REL,CON)

      Value  Global                              Global Defined In Module
      -----  --------------------------------   ------------------------
     0000836E  _main                              e4vm
     0000843E  _e4vm_core_do_nop                  e4vm_core
     0000843F  _e4vm_core_do_list                 e4vm_core
     0000849A  _e4vm_core_do_next                 e4vm_core
     00008526  _e4vm_core_do_exit                 e4vm_core
     00008563  _e4vm_core_add_core_words          e4vm_core
     00008635  _e4vm_core__init                   e4vm_core
     00008640  _e4vm_core_ext_quit                e4vm_core_ext
     00008641  _e4vm_core_ext_do_lit              e4vm_core_ext
     00008679  _e4vm_core_ext_get_here_addr       e4vm_core_ext
     00008699  _e4vm_core_ext_comma               e4vm_core_ext
     000086D9  _e4vm_core_ext_branch              e4vm_core_ext
     000086FD  _e4vm_core_ext_zbranch             e4vm_core_ext
     00008763  _e4vm_core_ext_lbrac               e4vm_core_ext
     00008771  _e4vm_core_ext_rbrac               e4vm_core_ext
     0000877F  _e4vm_core_ext_add_core_words      e4vm_core_ext
     00008915  _e4vm_core_ext__init               e4vm_core_ext
     00008920  _e4vm_utils_add_core_word          e4vm_utils
     00008A39  _e4vm_utils_look_up_word_address   e4vm_utils
     00008B2F  _e4vm_utils_here_to_wp             e4vm_utils
     00008B4F  _e4vm_utils_add_op                 e4vm_utils
     00008B8F  _e4vm_utils_add_op_from_string     e4vm_utils
     00008BBA  _e4vm_utils_init                   e4vm_utils
     00008CA3  _e4vm_utils_vm_stat                e4vm_utils
     00008E85  _e4vm_utils_true_const             e4vm_utils
     00008E89  _e4vm_utils_false_const            e4vm_utils
     00008E8D  _e4vm_utils_error                  e4vm_utils
     00008EAC  _e4vm_utils_stack_ds_push          e4vm_utils
     00008EEC  _e4vm_utils_stack_rs_push          e4vm_utils
     00008F2C  _e4vm_utils_read_char              e4vm_utils
     00008F37  _e4vm_utils_read_string            e4vm_utils
     00008F60  _e4vm_utils__init                  e4vm_utils
     00008F68  _e4vm_stack_drop                   e4vm_stack
     00008F83  _e4vm_stack_swap                   e4vm_stack
     00008FFF  _e4vm_stack_dup                    e4vm_stack
     00009046  _e4vm_stack_over                   e4vm_stack
     0000908E  _e4vm_stack_rot                    e4vm_stack
     0000913E  _e4vm_stack_nrot                   e4vm_stack
     000091F0  _e4vm_stack_add_core_words         e4vm_stack
     00009323  _e4vm_stack__init                  e4vm_stack
     0000932E  _e4vm_math_minus                   e4vm_math
     0000937B  _e4vm_math_plus                    e4vm_math
     000093C7  _e4vm_math_multiply                e4vm_math
     0000941A  _e4vm_math_devide                  e4vm_math
     0000946D  _e4vm_math_mod                     e4vm_math
     000094C0  _e4vm_math_inc                     e4vm_math
     000094EA  _e4vm_math_dec                     e4vm_math
     00009513  _e4vm_math_add_core_words          e4vm_math
     00009669  _e4vm_math__init                   e4vm_math
     00009674  _e4vm_boolean_true                 e4vm_boolean
ASxxxx Linker V03.00 + NoICE + sdld,  page 3.
Hexadecimal  [32-Bits]

Area                                    Addr        Size        Decimal Bytes (Attributes)
--------------------------------        ----        ----        ------- ----- ------------
_CODE                               000061A8    000041E6 =       16870. bytes (REL,CON)

      Value  Global                              Global Defined In Module
      -----  --------------------------------   ------------------------
     000096B8  _e4vm_boolean_false                e4vm_boolean
     000096FC  _e4vm_boolean_not                  e4vm_boolean
     000097D5  _e4vm_boolean_invert               e4vm_boolean
     00009801  _e4vm_boolean_or                   e4vm_boolean
     00009859  _e4vm_boolean_and                  e4vm_boolean
     000098C0  _e4vm_boolean_xor                  e4vm_boolean
     0000991A  _e4vm_boolean_eql                  e4vm_boolean
     0000999C  _e4vm_boolean_not_eql              e4vm_boolean
     00009A1E  _e4vm_boolean_less                 e4vm_boolean
     00009AA5  _e4vm_boolean_greater              e4vm_boolean
     00009B2A  _e4vm_boolean_less_eql             e4vm_boolean
     00009BAF  _e4vm_boolean_greater_eql          e4vm_boolean
     00009C36  _e4vm_boolean_add_core_words       e4vm_boolean
     00009EB8  _e4vm_boolean__init                e4vm_boolean
     00009EC3  _SYSTEM_STRCMPCC                   SYSTEM_004
     00009F1A  _Basic_PAUSE_EI                    Basic_034
     00009F2C  _SYSTEM_MODS                       SYSTEM_017
     00009FBE  __mulint                           
     00009FC4  __mul16                            
     00009FD8  _SYSTEM_DIVS                       SYSTEM_014
     0000A067  _Console_WriteStr_C_COMPACT        Console_014
     0000A072  _Console_Clear_COMPACT             Console_028
     0000A08F  ___sdcc_call_hl                    
     0000A090  _Basic_Quit_IM1                    Basic_066
     0000A095  _memcpy                            memcpy
     0000A0B4  _Console_ReadStr_COMPACT           Console_038
     0000A1A9  _Console_WriteInt_COMPACT          Console_020
     0000A1BE  _Console_WriteCh_COMPACT           Console_005
     0000A1C9  _ATTR_ADR_C                        Console_005
     0000A1ED  _e4vm_type__init                   e4vm_type_001
     0000A1F3  _Timer_Delay_Ex_fastcall           Timer_002
     0000A1FE  _Console_WriteLn_COMPACT           Console_012
     0000A20B  _INC_HBYTE_C                       Console_012
     0000A21C  ___sdcc_enter_ix                   
     0000A226  __modschar                         
     0000A233  __modsint                          
     0000A23F  __divsint                          
     0000A248  __divschar                         
     0000A24F  __div8                             
     0000A253  __div_signexte                     
     0000A257  __div16                            
     0000A27D  __get_remainder                    
     0000A287  _Input_Read_NoRepeat               Input_003
     0000A29C  _SYSTEM_HALT_m1                    SYSTEM_001
     0000A2A8  _Input_Available_NoRepeat          Input_001
     0000A2B5  _Console_BackPos_COMPACT           Console_032
     0000A2BA  __divuint                          
     0000A2C2  __divuchar                         
     0000A2C9  __divu8                            
     0000A2CC  __divu16                           
     0000A2FB  _Console_WriteUShort_COMPACT       Console_019
ASxxxx Linker V03.00 + NoICE + sdld,  page 4.
Hexadecimal  [32-Bits]

Area                                    Addr        Size        Decimal Bytes (Attributes)
--------------------------------        ----        ----        ------- ----- ------------
_CODE                               000061A8    000041E6 =       16870. bytes (REL,CON)

      Value  Global                              Global Defined In Module
      -----  --------------------------------   ------------------------
     0000A32B  ___memcpy                          __memcpy
ASxxxx Linker V03.00 + NoICE + sdld,  page 5.
Hexadecimal  [32-Bits]

Area                                    Addr        Size        Decimal Bytes (Attributes)
--------------------------------        ----        ----        ------- ----- ------------
_DATA                               0000C350    000002D1 =         721. bytes (REL,CON)

      Value  Global                              Global Defined In Module
      -----  --------------------------------   ------------------------
ASxxxx Linker V03.00 + NoICE + sdld,  page 6.

Files Linked                              [ module(s) ]

C:\xdev\ZXDev\Lib\crt0.rel                [ crt0 ]
e4vm.rel                                  [ e4vm ]
e4vm_core.rel                             [ e4vm_core ]
e4vm_core_ext.rel                         [ e4vm_core_ext ]
e4vm_utils.rel                            [ e4vm_utils ]
e4vm_stack.rel                            [ e4vm_stack ]
e4vm_math.rel                             [ e4vm_math ]
e4vm_boolean.rel                          [ e4vm_boolean ]


Libraries Linked                          [ object file ]

C:\xdev\ZXDev\Lib/XDev.lib                [ SYSTEM_004.rel ]
C:\xdev\ZXDev\Lib/Basic.lib               [ Basic_034.rel ]
C:\xdev\ZXDev\Lib/XDev.lib                [ SYSTEM_017.rel ]
C:\xdev\ZXDev\Lib/z80.lib                 [ mul.rel ]
C:\xdev\ZXDev\Lib/XDev.lib                [ Console_001.rel ]
C:\xdev\ZXDev\Lib/XDev.lib                [ SYSTEM_014.rel ]
C:\xdev\ZXDev\Lib/XDev.lib                [ Console_014.rel ]
C:\xdev\ZXDev\Lib/XDev.lib                [ Console_028.rel ]
C:\xdev\ZXDev\Lib/z80.lib                 [ __sdcc_call_hl.rel ]
C:\xdev\ZXDev\Lib/Basic.lib               [ Basic_066.rel ]
C:\xdev\ZXDev\Lib/z80.lib                 [ memcpy.rel ]
C:\xdev\ZXDev\Lib/XDev.lib                [ Console_038.rel ]
C:\xdev\ZXDev\Lib/XDev.lib                [ Console_020.rel ]
C:\xdev\ZXDev\Lib/XDev.lib                [ Console_005.rel ]
C:\xdev\ZXDev\Lib/e4vm_type.lib           [ e4vm_type_001.rel ]
C:\xdev\ZXDev\Lib/XDev.lib                [ Timer_002.rel ]
C:\xdev\ZXDev\Lib/XDev.lib                [ Console_012.rel ]
C:\xdev\ZXDev\Lib/z80.lib                 [ crtenter.rel ]
C:\xdev\ZXDev\Lib/z80.lib                 [ modsigned.rel ]
C:\xdev\ZXDev\Lib/z80.lib                 [ divsigned.rel ]
C:\xdev\ZXDev\Lib/XDev.lib                [ Input_003.rel ]
C:\xdev\ZXDev\Lib/XDev.lib                [ SYSTEM_001.rel ]
C:\xdev\ZXDev\Lib/XDev.lib                [ Input_001.rel ]
C:\xdev\ZXDev\Lib/XDev.lib                [ Console_032.rel ]
C:\xdev\ZXDev\Lib/z80.lib                 [ divunsigned.rel ]
C:\xdev\ZXDev\Lib/XDev.lib                [ Console_019.rel ]
C:\xdev\ZXDev\Lib/z80.lib                 [ __memcpy.rel ]

ASxxxx Linker V03.00 + NoICE + sdld,  page 7.

User Base Address Definitions

_CODE = 0x61a8
_DATA = 0xc350

