ASxxxx Linker V03.00 + NoICE + sdld,  page 1.
Hexadecimal  [32-Bits]

Area                                    Addr        Size        Decimal Bytes (Attributes)
--------------------------------        ----        ----        ------- ----- ------------
.  .ABS.                            00000000    00000000 =           0. bytes (ABS,CON)

      Value  Global                              Global Defined In Module
      -----  --------------------------------   ------------------------
     00000000  .__.ABS.                           Console_019
     00000000  _main                           
     00000000  l__CABS                         
     00000000  l__DABS                         
     00000000  l__DATA                         
     00000000  l__GSFINAL                      
     00000000  l__GSINIT                       
     00000000  l__HOME                         
     00000000  l__INITIALIZED                  
     00000000  l__INITIALIZER                  
     00000000  s__CABS                         
     00000000  s__DABS                         
     00001752  l__CODE                         
     0000B000  s__CODE                         
     0000C350  s__DATA                         
     0000C350  s__GSFINAL                      
     0000C350  s__GSINIT                       
     0000C350  s__HOME                         
     0000C350  s__INITIALIZED                  
     0000C350  s__INITIALIZER                  

ASxxxx Linker V03.00 + NoICE + sdld,  page 2.
Hexadecimal  [32-Bits]

Area                                    Addr        Size        Decimal Bytes (Attributes)
--------------------------------        ----        ----        ------- ----- ------------
_CODE                               0000B000    00001752 =        5970. bytes (REL,CON)

      Value  Global                              Global Defined In Module
      -----  --------------------------------   ------------------------
     0000B5ED  _e4vm_core_do_nop                  e4vm_core
     0000B5FF  _e4vm_core_do_list                 e4vm_core
     0000B65A  _e4vm_core_do_next                 e4vm_core
     0000B6F5  _e4vm_core_do_exit                 e4vm_core
     0000B732  _e4vm_core__init                   e4vm_core
     0000B738  _e4vm_core_ext_quit                e4vm_core_ext
     0000B740  _e4vm_core_ext_do_lit              e4vm_core_ext
     0000B756  _e4vm_core_ext__init               e4vm_core_ext
     0000B75C  _e4vm_utils_init                   e4vm_utils
     0000B842  _e4vm_utils_vm_stat                e4vm_utils
     0000B998  _e4vm_utils_true_const             e4vm_utils
     0000B9A1  _e4vm_utils_false_const            e4vm_utils
     0000B9AA  _e4vm_utils_error                  e4vm_utils
     0000B9D0  _e4vm_utils__init                  e4vm_utils
     0000B9D8  _e4vm_stack_drop                   e4vm_stack
     0000BA01  _e4vm_stack_swap                   e4vm_stack
     0000BA86  _e4vm_stack_dup                    e4vm_stack
     0000BADA  _e4vm_stack_over                   e4vm_stack
     0000BB30  _e4vm_stack_rot                    e4vm_stack
     0000BBDD  _e4vm_stack_nrot                   e4vm_stack
     0000BC8D  _e4vm_stack__init                  e4vm_stack
     0000BC93  _e4vm_math_minus                   e4vm_math
     0000BCEC  _e4vm_math_plus                    e4vm_math
     0000BD42  _e4vm_math_multiply                e4vm_math
     0000BDA1  _e4vm_math_devide                  e4vm_math
     0000BE00  _e4vm_math_mod                     e4vm_math
     0000BE61  _e4vm_math_inc                     e4vm_math
     0000BE97  _e4vm_math_dec                     e4vm_math
     0000BECC  _e4vm_math__init                   e4vm_math
     0000BED2  _e4vm_boolean_true                 e4vm_boolean
     0000BF23  _e4vm_boolean_false                e4vm_boolean
     0000BF74  _e4vm_boolean_not                  e4vm_boolean
     0000C053  _e4vm_boolean_invert               e4vm_boolean
     0000C07F  _e4vm_boolean_or                   e4vm_boolean
     0000C0D7  _e4vm_boolean_and                  e4vm_boolean
     0000C13E  _e4vm_boolean_xor                  e4vm_boolean
     0000C198  _e4vm_boolean_eql                  e4vm_boolean
     0000C21A  _e4vm_boolean_not_eql              e4vm_boolean
     0000C29C  _e4vm_boolean_less                 e4vm_boolean
     0000C323  _e4vm_boolean_greater              e4vm_boolean
     0000C3A8  _e4vm_boolean_less_eql             e4vm_boolean
     0000C42D  _e4vm_boolean_greater_eql          e4vm_boolean
     0000C4B4  _e4vm_boolean__init                e4vm_boolean
     0000C4BC  _SYSTEM_MODS                       SYSTEM_017
     0000C54E  __mulint                           
     0000C554  __mul16                            
     0000C568  _SYSTEM_DIVS                       SYSTEM_014
     0000C5F7  _Console_WriteStr_C_COMPACT        Console_014
     0000C602  ___sdcc_call_hl                    
     0000C603  _Basic_Quit_IM1                    Basic_066
ASxxxx Linker V03.00 + NoICE + sdld,  page 3.
Hexadecimal  [32-Bits]

Area                                    Addr        Size        Decimal Bytes (Attributes)
--------------------------------        ----        ----        ------- ----- ------------
_CODE                               0000B000    00001752 =        5970. bytes (REL,CON)

      Value  Global                              Global Defined In Module
      -----  --------------------------------   ------------------------
     0000C608  _Console_WriteCh_COMPACT           Console_005
     0000C613  _ATTR_ADR_C                        Console_005
     0000C637  _Console_WriteInt_COMPACT          Console_020
     0000C64C  _Console_WriteLn_COMPACT           Console_012
     0000C659  _INC_HBYTE_C                       Console_012
     0000C66A  ___sdcc_enter_ix                   
     0000C674  __modschar                         
     0000C681  __modsint                          
     0000C68D  __divsint                          
     0000C696  __divschar                         
     0000C69D  __div8                             
     0000C6A1  __div_signexte                     
     0000C6A5  __div16                            
     0000C6CB  __get_remainder                    
     0000C6D5  _SYSTEM_HALT_m1                    SYSTEM_001
     0000C6E1  __divuint                          
     0000C6E9  __divuchar                         
     0000C6F0  __divu8                            
     0000C6F3  __divu16                           
     0000C722  _Console_WriteUShort_COMPACT       Console_019

ASxxxx Linker V03.00 + NoICE + sdld,  page 4.

Files Linked                              [ module(s) ]

C:\xdev\ZXDev\Lib\crt0.rel                [ crt0 ]
e4vm_boolean.rel                          [ e4vm_boolean ]
e4vm_core.rel                             [ e4vm_core ]
e4vm_core_ext.rel                         [ e4vm_core_ext ]
e4vm_utils.rel                            [ e4vm_utils ]
e4vm_stack.rel                            [ e4vm_stack ]
e4vm_math.rel                             [ e4vm_math ]
e4vm_boolean.rel                          [ e4vm_boolean ]


Libraries Linked                          [ object file ]

C:\xdev\ZXDev\Lib/XDev.lib                [ SYSTEM_017.rel ]
C:\xdev\ZXDev\Lib/z80.lib                 [ mul.rel ]
C:\xdev\ZXDev\Lib/XDev.lib                [ SYSTEM_014.rel ]
C:\xdev\ZXDev\Lib/XDev.lib                [ Console_014.rel ]
C:\xdev\ZXDev\Lib/z80.lib                 [ __sdcc_call_hl.rel ]
C:\xdev\ZXDev\Lib/Basic.lib               [ Basic_066.rel ]
C:\xdev\ZXDev\Lib/XDev.lib                [ Console_005.rel ]
C:\xdev\ZXDev\Lib/XDev.lib                [ Console_020.rel ]
C:\xdev\ZXDev\Lib/XDev.lib                [ Console_012.rel ]
C:\xdev\ZXDev\Lib/z80.lib                 [ crtenter.rel ]
C:\xdev\ZXDev\Lib/z80.lib                 [ modsigned.rel ]
C:\xdev\ZXDev\Lib/z80.lib                 [ divsigned.rel ]
C:\xdev\ZXDev\Lib/XDev.lib                [ SYSTEM_001.rel ]
C:\xdev\ZXDev\Lib/z80.lib                 [ divunsigned.rel ]
C:\xdev\ZXDev\Lib/XDev.lib                [ Console_019.rel ]

ASxxxx Linker V03.00 + NoICE + sdld,  page 5.

User Base Address Definitions

_CODE = 0xb000
_DATA = 0xc350


?ASlink-Warning-Undefined Global '_main' referenced by module 'crt0'
