ASxxxx Linker V03.00 + NoICE + sdld,  page 1.
Hexadecimal  [32-Bits]

Area                                    Addr        Size        Decimal Bytes (Attributes)
--------------------------------        ----        ----        ------- ----- ------------
.  .ABS.                            00000000    00000000 =           0. bytes (ABS,CON)

      Value  Global                              Global Defined In Module
      -----  --------------------------------   ------------------------
     00000000  .__.ABS.                           Console_019
     00000000  _main                           
     00000000  l__CABS                         
     00000000  l__DABS                         
     00000000  l__DATA                         
     00000000  l__GSFINAL                      
     00000000  l__GSINIT                       
     00000000  l__HOME                         
     00000000  l__INITIALIZED                  
     00000000  l__INITIALIZER                  
     00000000  s__CABS                         
     00000000  s__DABS                         
     0000149E  l__CODE                         
     000061A8  s__CODE                         
     0000C350  s__DATA                         
     0000C350  s__GSFINAL                      
     0000C350  s__GSINIT                       
     0000C350  s__HOME                         
     0000C350  s__INITIALIZED                  
     0000C350  s__INITIALIZER                  

ASxxxx Linker V03.00 + NoICE + sdld,  page 2.
Hexadecimal  [32-Bits]

Area                                    Addr        Size        Decimal Bytes (Attributes)
--------------------------------        ----        ----        ------- ----- ------------
_CODE                               000061A8    0000149E =        5278. bytes (REL,CON)

      Value  Global                              Global Defined In Module
      -----  --------------------------------   ------------------------
     000061AB  _e4vm_type__init                   e4vm_type
     000061B1  _e4vm_core_do_nop                  e4vm_core
     000061B2  _e4vm_core_do_list                 e4vm_core
     0000620D  _e4vm_core_do_next                 e4vm_core
     000062BA  _e4vm_core_do_exit                 e4vm_core
     000062F7  _e4vm_core__init                   e4vm_core
     000062FF  _e4vm_core_ext_quit                e4vm_core_ext
     00006300  _e4vm_core_ext_do_lit              e4vm_core_ext
     00006338  _e4vm_core_ext_get_here_addr       e4vm_core_ext
     00006358  _e4vm_core_ext_comma               e4vm_core_ext
     00006398  _e4vm_core_ext_branch              e4vm_core_ext
     000063BC  _e4vm_core_ext_zbranch             e4vm_core_ext
     0000640D  _e4vm_core_ext_lbrac               e4vm_core_ext
     0000641B  _e4vm_core_ext_rbrac               e4vm_core_ext
     00006429  _e4vm_core_ext__init               e4vm_core_ext
     00006434  _e4vm_utils_init                   e4vm_utils
     00006546  _e4vm_utils_vm_stat                e4vm_utils
     0000671F  _e4vm_utils_true_const             e4vm_utils
     00006723  _e4vm_utils_false_const            e4vm_utils
     00006727  _e4vm_utils_error                  e4vm_utils
     00006746  _e4vm_utils_stack_ds_push          e4vm_utils
     00006786  _e4vm_utils_stack_rs_push          e4vm_utils
     000067C6  _e4vm_utils_add_op                 e4vm_utils
     00006806  _e4vm_utils_read_char              e4vm_utils
     00006811  _e4vm_utils_read_string            e4vm_utils
     0000683A  _e4vm_utils__init                  e4vm_utils
     00006845  _e4vm_stack_drop                   e4vm_stack
     00006860  _e4vm_stack_swap                   e4vm_stack
     000068DC  _e4vm_stack_dup                    e4vm_stack
     00006923  _e4vm_stack_over                   e4vm_stack
     0000696B  _e4vm_stack_rot                    e4vm_stack
     00006A1B  _e4vm_stack_nrot                   e4vm_stack
     00006ACD  _e4vm_stack__init                  e4vm_stack
     00006AD5  _e4vm_math_minus                   e4vm_math
     00006B22  _e4vm_math_plus                    e4vm_math
     00006B6D  _e4vm_math_multiply                e4vm_math
     00006BC0  _e4vm_math_devide                  e4vm_math
     00006C13  _e4vm_math_mod                     e4vm_math
     00006C66  _e4vm_math_inc                     e4vm_math
     00006C90  _e4vm_math_dec                     e4vm_math
     00006CB9  _e4vm_math__init                   e4vm_math
     00006CC1  _e4vm_boolean_true                 e4vm_boolean
     00006D05  _e4vm_boolean_false                e4vm_boolean
     00006D49  _e4vm_boolean_not                  e4vm_boolean
     00006E22  _e4vm_boolean_invert               e4vm_boolean
     00006E4E  _e4vm_boolean_or                   e4vm_boolean
     00006EA6  _e4vm_boolean_and                  e4vm_boolean
     00006F0D  _e4vm_boolean_xor                  e4vm_boolean
     00006F67  _e4vm_boolean_eql                  e4vm_boolean
     00006FE9  _e4vm_boolean_not_eql              e4vm_boolean
ASxxxx Linker V03.00 + NoICE + sdld,  page 3.
Hexadecimal  [32-Bits]

Area                                    Addr        Size        Decimal Bytes (Attributes)
--------------------------------        ----        ----        ------- ----- ------------
_CODE                               000061A8    0000149E =        5278. bytes (REL,CON)

      Value  Global                              Global Defined In Module
      -----  --------------------------------   ------------------------
     0000706B  _e4vm_boolean_less                 e4vm_boolean
     000070F2  _e4vm_boolean_greater              e4vm_boolean
     00007177  _e4vm_boolean_less_eql             e4vm_boolean
     000071FC  _e4vm_boolean_greater_eql          e4vm_boolean
     00007283  _e4vm_boolean__init                e4vm_boolean
     0000728E  _SYSTEM_MODS                       SYSTEM_017
     00007320  __mulint                           
     00007326  __mul16                            
     0000733A  _SYSTEM_DIVS                       SYSTEM_014
     000073C9  _Console_WriteStr_C_COMPACT        Console_014
     000073D4  ___sdcc_call_hl                    
     000073D5  _Console_ReadStr_COMPACT           Console_038
     000074CA  _Console_WriteCh_COMPACT           Console_005
     000074D5  _ATTR_ADR_C                        Console_005
     000074F9  _Console_WriteInt_COMPACT          Console_020
     0000750E  _Timer_Delay_Ex_fastcall           Timer_002
     00007519  _Console_WriteLn_COMPACT           Console_012
     00007526  _INC_HBYTE_C                       Console_012
     00007537  ___sdcc_enter_ix                   
     00007541  __modschar                         
     0000754E  __modsint                          
     0000755A  __divsint                          
     00007563  __divschar                         
     0000756A  __div8                             
     0000756E  __div_signexte                     
     00007572  __div16                            
     00007598  __get_remainder                    
     000075A2  _Input_Read_NoRepeat               Input_003
     000075B7  _SYSTEM_HALT_m1                    SYSTEM_001
     000075C3  _Input_Available_NoRepeat          Input_001
     000075D0  _Console_BackPos_COMPACT           Console_032
     000075D5  __divuint                          
     000075DD  __divuchar                         
     000075E4  __divu8                            
     000075E7  __divu16                           
     00007616  _Console_WriteUShort_COMPACT       Console_019

ASxxxx Linker V03.00 + NoICE + sdld,  page 4.

Files Linked                              [ module(s) ]

C:\xdev\ZXDev\Lib\crt0.rel                [ crt0 ]
e4vm_type.rel                             [ e4vm_type ]
e4vm_core.rel                             [ e4vm_core ]
e4vm_core_ext.rel                         [ e4vm_core_ext ]
e4vm_utils.rel                            [ e4vm_utils ]
e4vm_stack.rel                            [ e4vm_stack ]
e4vm_math.rel                             [ e4vm_math ]
e4vm_boolean.rel                          [ e4vm_boolean ]


Libraries Linked                          [ object file ]

C:\xdev\ZXDev\Lib/XDev.lib                [ SYSTEM_017.rel ]
C:\xdev\ZXDev\Lib/z80.lib                 [ mul.rel ]
C:\xdev\ZXDev\Lib/XDev.lib                [ SYSTEM_014.rel ]
C:\xdev\ZXDev\Lib/XDev.lib                [ Console_014.rel ]
C:\xdev\ZXDev\Lib/z80.lib                 [ __sdcc_call_hl.rel ]
C:\xdev\ZXDev\Lib/XDev.lib                [ Console_038.rel ]
C:\xdev\ZXDev\Lib/XDev.lib                [ Console_005.rel ]
C:\xdev\ZXDev\Lib/XDev.lib                [ Console_020.rel ]
C:\xdev\ZXDev\Lib/XDev.lib                [ Timer_002.rel ]
C:\xdev\ZXDev\Lib/XDev.lib                [ Console_012.rel ]
C:\xdev\ZXDev\Lib/z80.lib                 [ crtenter.rel ]
C:\xdev\ZXDev\Lib/z80.lib                 [ modsigned.rel ]
C:\xdev\ZXDev\Lib/z80.lib                 [ divsigned.rel ]
C:\xdev\ZXDev\Lib/XDev.lib                [ Input_003.rel ]
C:\xdev\ZXDev\Lib/XDev.lib                [ SYSTEM_001.rel ]
C:\xdev\ZXDev\Lib/XDev.lib                [ Input_001.rel ]
C:\xdev\ZXDev\Lib/XDev.lib                [ Console_032.rel ]
C:\xdev\ZXDev\Lib/z80.lib                 [ divunsigned.rel ]
C:\xdev\ZXDev\Lib/XDev.lib                [ Console_019.rel ]

ASxxxx Linker V03.00 + NoICE + sdld,  page 5.

User Base Address Definitions

_CODE = 0x61a8
_DATA = 0xc350


?ASlink-Warning-Undefined Global '_main' referenced by module 'crt0'
